Archive member included because of file (symbol)

c:/program files (x86)/atollic/truestudio for arm 5.4.1/armtools/bin/../lib/gcc/arm-atollic-eabi/4.8.3/../../../../arm-atollic-eabi/lib/armv7e-m/fpu\libstdc++.a(new_op.o)
                              src\nrf24v02\my_spi.o (operator new(unsigned int))
c:/program files (x86)/atollic/truestudio for arm 5.4.1/armtools/bin/../lib/gcc/arm-atollic-eabi/4.8.3/../../../../arm-atollic-eabi/lib/armv7e-m/fpu\libstdc++.a(new_handler.o)
                              c:/program files (x86)/atollic/truestudio for arm 5.4.1/armtools/bin/../lib/gcc/arm-atollic-eabi/4.8.3/../../../../arm-atollic-eabi/lib/armv7e-m/fpu\libstdc++.a(new_op.o) (__new_handler)
c:/program files (x86)/atollic/truestudio for arm 5.4.1/armtools/bin/../lib/gcc/arm-atollic-eabi/4.8.3/../../../../arm-atollic-eabi/lib/armv7e-m/fpu\libstdc++.a(eh_arm.o)
                              c:/program files (x86)/atollic/truestudio for arm 5.4.1/armtools/bin/../lib/gcc/arm-atollic-eabi/4.8.3/../../../../arm-atollic-eabi/lib/armv7e-m/fpu\libstdc++.a(new_op.o) (__cxa_end_cleanup)
c:/program files (x86)/atollic/truestudio for arm 5.4.1/armtools/bin/../lib/gcc/arm-atollic-eabi/4.8.3/../../../../arm-atollic-eabi/lib/armv7e-m/fpu\libstdc++.a(bad_alloc.o)
                              c:/program files (x86)/atollic/truestudio for arm 5.4.1/armtools/bin/../lib/gcc/arm-atollic-eabi/4.8.3/../../../../arm-atollic-eabi/lib/armv7e-m/fpu\libstdc++.a(new_op.o) (std::bad_alloc::~bad_alloc())
c:/program files (x86)/atollic/truestudio for arm 5.4.1/armtools/bin/../lib/gcc/arm-atollic-eabi/4.8.3/../../../../arm-atollic-eabi/lib/armv7e-m/fpu\libstdc++.a(eh_call.o)
                              c:/program files (x86)/atollic/truestudio for arm 5.4.1/armtools/bin/../lib/gcc/arm-atollic-eabi/4.8.3/../../../../arm-atollic-eabi/lib/armv7e-m/fpu\libstdc++.a(new_op.o) (__cxa_call_unexpected)
c:/program files (x86)/atollic/truestudio for arm 5.4.1/armtools/bin/../lib/gcc/arm-atollic-eabi/4.8.3/../../../../arm-atollic-eabi/lib/armv7e-m/fpu\libstdc++.a(eh_alloc.o)
                              c:/program files (x86)/atollic/truestudio for arm 5.4.1/armtools/bin/../lib/gcc/arm-atollic-eabi/4.8.3/../../../../arm-atollic-eabi/lib/armv7e-m/fpu\libstdc++.a(new_op.o) (__cxa_allocate_exception)
c:/program files (x86)/atollic/truestudio for arm 5.4.1/armtools/bin/../lib/gcc/arm-atollic-eabi/4.8.3/../../../../arm-atollic-eabi/lib/armv7e-m/fpu\libstdc++.a(eh_throw.o)
                              c:/program files (x86)/atollic/truestudio for arm 5.4.1/armtools/bin/../lib/gcc/arm-atollic-eabi/4.8.3/../../../../arm-atollic-eabi/lib/armv7e-m/fpu\libstdc++.a(new_op.o) (__cxa_throw)
c:/program files (x86)/atollic/truestudio for arm 5.4.1/armtools/bin/../lib/gcc/arm-atollic-eabi/4.8.3/../../../../arm-atollic-eabi/lib/armv7e-m/fpu\libstdc++.a(eh_personality.o)
                              c:/program files (x86)/atollic/truestudio for arm 5.4.1/armtools/bin/../lib/gcc/arm-atollic-eabi/4.8.3/../../../../arm-atollic-eabi/lib/armv7e-m/fpu\libstdc++.a(new_op.o) (__gxx_personality_v0)
c:/program files (x86)/atollic/truestudio for arm 5.4.1/armtools/bin/../lib/gcc/arm-atollic-eabi/4.8.3/../../../../arm-atollic-eabi/lib/armv7e-m/fpu\libstdc++.a(eh_exception.o)
                              c:/program files (x86)/atollic/truestudio for arm 5.4.1/armtools/bin/../lib/gcc/arm-atollic-eabi/4.8.3/../../../../arm-atollic-eabi/lib/armv7e-m/fpu\libstdc++.a(bad_alloc.o) (std::exception::~exception())
c:/program files (x86)/atollic/truestudio for arm 5.4.1/armtools/bin/../lib/gcc/arm-atollic-eabi/4.8.3/../../../../arm-atollic-eabi/lib/armv7e-m/fpu\libstdc++.a(eh_globals.o)
                              c:/program files (x86)/atollic/truestudio for arm 5.4.1/armtools/bin/../lib/gcc/arm-atollic-eabi/4.8.3/../../../../arm-atollic-eabi/lib/armv7e-m/fpu\libstdc++.a(eh_call.o) (__cxa_get_globals_fast)
c:/program files (x86)/atollic/truestudio for arm 5.4.1/armtools/bin/../lib/gcc/arm-atollic-eabi/4.8.3/../../../../arm-atollic-eabi/lib/armv7e-m/fpu\libstdc++.a(eh_unex_handler.o)
                              c:/program files (x86)/atollic/truestudio for arm 5.4.1/armtools/bin/../lib/gcc/arm-atollic-eabi/4.8.3/../../../../arm-atollic-eabi/lib/armv7e-m/fpu\libstdc++.a(eh_throw.o) (__cxxabiv1::__unexpected_handler)
c:/program files (x86)/atollic/truestudio for arm 5.4.1/armtools/bin/../lib/gcc/arm-atollic-eabi/4.8.3/../../../../arm-atollic-eabi/lib/armv7e-m/fpu\libstdc++.a(eh_catch.o)
                              c:/program files (x86)/atollic/truestudio for arm 5.4.1/armtools/bin/../lib/gcc/arm-atollic-eabi/4.8.3/../../../../arm-atollic-eabi/lib/armv7e-m/fpu\libstdc++.a(eh_call.o) (__cxa_begin_catch)
c:/program files (x86)/atollic/truestudio for arm 5.4.1/armtools/bin/../lib/gcc/arm-atollic-eabi/4.8.3/../../../../arm-atollic-eabi/lib/armv7e-m/fpu\libstdc++.a(eh_terminate.o)
[...]
Memory Configuration

Name             Origin             Length             Attributes
FLASH            0x08000000         0x00100000         xr
RAM              0x20000000         0x00020000         xrw
MEMORY_B1        0x60000000         0x00000000         xr
CCMRAM           0x10000000         0x00010000         rw
*default*        0x00000000         0xffffffff

Linker script and memory map

LOAD c:/program files (x86)/atollic/truestudio for arm 5.4.1/armtools/bin/../lib/gcc/arm-atollic-eabi/4.8.3/armv7e-m/fpu/crti.o
LOAD c:/program files (x86)/atollic/truestudio for arm 5.4.1/armtools/bin/../lib/gcc/arm-atollic-eabi/4.8.3/armv7e-m/fpu/crtbegin.o
LOAD src\system_stm32f4xx.o
LOAD src\stm32f4xx_it.o
LOAD src\startup_stm32f40xx.o
LOAD src\nrf24v02\my_spi.o
LOAD src\nrf24v02\NRF24.o
LOAD src\nrf24v02\GPIO.o
LOAD src\main.o
LOAD Utilities\STM32F4-Discovery\stm32f4_discovery_lis302dl.o
LOAD Utilities\STM32F4-Discovery\stm32f4_discovery_audio_codec.o
LOAD Utilities\STM32F4-Discovery\stm32f4_discovery.o
LOAD Libraries\STM32F4xx_StdPeriph_Driver\src\stm32f4xx_wwdg.o
LOAD Libraries\STM32F4xx_StdPeriph_Driver\src\stm32f4xx_usart.o
LOAD Libraries\STM32F4xx_StdPeriph_Driver\src\stm32f4xx_tim.o
LOAD Libraries\STM32F4xx_StdPeriph_Driver\src\stm32f4xx_syscfg.o
LOAD Libraries\STM32F4xx_StdPeriph_Driver\src\stm32f4xx_spi.o
LOAD Libraries\STM32F4xx_StdPeriph_Driver\src\stm32f4xx_sdio.o
LOAD Libraries\STM32F4xx_StdPeriph_Driver\src\stm32f4xx_rtc.o
LOAD Libraries\STM32F4xx_StdPeriph_Driver\src\stm32f4xx_rng.o
LOAD Libraries\STM32F4xx_StdPeriph_Driver\src\stm32f4xx_rcc.o
LOAD Libraries\STM32F4xx_StdPeriph_Driver\src\stm32f4xx_pwr.o
LOAD Libraries\STM32F4xx_StdPeriph_Driver\src\stm32f4xx_iwdg.o
LOAD Libraries\STM32F4xx_StdPeriph_Driver\src\stm32f4xx_i2c.o
LOAD Libraries\STM32F4xx_StdPeriph_Driver\src\stm32f4xx_hash_sha1.o
LOAD Libraries\STM32F4xx_StdPeriph_Driver\src\stm32f4xx_hash_md5.o
LOAD Libraries\STM32F4xx_StdPeriph_Driver\src\stm32f4xx_hash.o
LOAD Libraries\STM32F4xx_StdPeriph_Driver\src\stm32f4xx_gpio.o
LOAD Libraries\STM32F4xx_StdPeriph_Driver\src\stm32f4xx_fsmc.o
LOAD Libraries\STM32F4xx_StdPeriph_Driver\src\stm32f4xx_flash.o
LOAD Libraries\STM32F4xx_StdPeriph_Driver\src\stm32f4xx_exti.o
LOAD Libraries\STM32F4xx_StdPeriph_Driver\src\stm32f4xx_dma.o
LOAD Libraries\STM32F4xx_StdPeriph_Driver\src\stm32f4xx_dcmi.o
LOAD Libraries\STM32F4xx_StdPeriph_Driver\src\stm32f4xx_dbgmcu.o
LOAD Libraries\STM32F4xx_StdPeriph_Driver\src\stm32f4xx_dac.o
LOAD Libraries\STM32F4xx_StdPeriph_Driver\src\stm32f4xx_cryp_tdes.o
LOAD Libraries\STM32F4xx_StdPeriph_Driver\src\stm32f4xx_cryp_des.o
LOAD Libraries\STM32F4xx_StdPeriph_Driver\src\stm32f4xx_cryp_aes.o
LOAD Libraries\STM32F4xx_StdPeriph_Driver\src\stm32f4xx_cryp.o
LOAD Libraries\STM32F4xx_StdPeriph_Driver\src\stm32f4xx_crc.o
LOAD Libraries\STM32F4xx_StdPeriph_Driver\src\stm32f4xx_can.o
LOAD Libraries\STM32F4xx_StdPeriph_Driver\src\stm32f4xx_adc.o
LOAD Libraries\STM32F4xx_StdPeriph_Driver\src\misc.o
START GROUP
LOAD c:/program files (x86)/atollic/truestudio for arm 5.4.1/armtools/bin/../lib/gcc/arm-atollic-eabi/4.8.3/../../../../arm-atollic-eabi/lib/armv7e-m/fpu\libstdc++.a
LOAD c:/program files (x86)/atollic/truestudio for arm 5.4.1/armtools/bin/../lib/gcc/arm-atollic-eabi/4.8.3/../../../../arm-atollic-eabi/lib/armv7e-m/fpu\libsupc++.a
END GROUP
                0x00001000                malloc_getpagesize_P = 0x1000
LOAD c:/program files (x86)/atollic/truestudio for arm 5.4.1/armtools/bin/../lib/gcc/arm-atollic-eabi/4.8.3/../../../../arm-atollic-eabi/lib/armv7e-m/fpu\libstdc++.a
LOAD c:/program files (x86)/atollic/truestudio for arm 5.4.1/armtools/bin/../lib/gcc/arm-atollic-eabi/4.8.3/../../../../arm-atollic-eabi/lib/armv7e-m/fpu\libm.a
LOAD c:/program files (x86)/atollic/truestudio for arm 5.4.1/armtools/bin/../lib/gcc/arm-atollic-eabi/4.8.3/../../../../arm-atollic-eabi/lib/armv7e-m/fpu\libc.a
START GROUP
LOAD c:/program files (x86)/atollic/truestudio for arm 5.4.1/armtools/bin/../lib/gcc/arm-atollic-eabi/4.8.3/armv7e-m/fpu\libgcc.a
LOAD c:/program files (x86)/atollic/truestudio for arm 5.4.1/armtools/bin/../lib/gcc/arm-atollic-eabi/4.8.3/../../../../arm-atollic-eabi/lib/armv7e-m/fpu\libc.a
END GROUP
LOAD c:/program files (x86)/atollic/truestudio for arm 5.4.1/armtools/bin/../lib/gcc/arm-atollic-eabi/4.8.3/armv7e-m/fpu/crtend.o
LOAD c:/program files (x86)/atollic/truestudio for arm 5.4.1/armtools/bin/../lib/gcc/arm-atollic-eabi/4.8.3/armv7e-m/fpu/crtn.o
                0x20020000                _estack = 0x20020000
                0x00000000                _Min_Heap_Size = 0x0
                0x00000400                _Min_Stack_Size = 0x400

.isr_vector     0x08000000      0x188
                0x08000000                . = ALIGN (0x4)
 *(.isr_vector)
 .isr_vector    0x08000000      0x188 src\startup_stm32f40xx.o
                0x08000000                g_pfnVectors
                0x08000188                . = ALIGN (0x4)

.text           0x08000188     0xd634
                0x08000188                . = ALIGN (0x4)
 *(.text)
 .text          0x08000188       0x40 c:/program files (x86)/atollic/truestudio for arm 5.4.1/armtools/bin/../lib/gcc/arm-atollic-eabi/4.8.3/armv7e-m/fpu/crtbegin.o
 .text          0x080001c8     0x5784 c:/program files (x86)/atollic/truestudio for arm 5.4.1/armtools/bin/../lib/gcc/arm-atollic-eabi/4.8.3/../../../../arm-atollic-eabi/lib/armv7e-m/fpu\libstdc++.a(cp-demangle.o)
                0x0800586c                __cxa_demangle
                0x08005930                __gcclibcxx_demangle_callback
 .text          0x0800594c       0x14 c:/program files (x86)/atollic/truestudio for arm 5.4.1/armtools/bin/../lib/gcc/arm-atollic-eabi/4.8.3/../../../../arm-atollic-eabi/lib/armv7e-m/fpu\libc.a(lib_a-strcmp.o)
                0x0800594c                strcmp
 .text          0x08005960      0x370 c:/program files (x86)/atollic/truestudio for arm 5.4.1/armtools/bin/../lib/gcc/arm-atollic-eabi/4.8.3/armv7e-m/fpu\libgcc.a(_arm_addsubdf3.o)
                0x08005960                __aeabi_drsub
                0x08005968                __aeabi_dsub
                0x08005968                __subdf3
                0x0800596c                __aeabi_dadd
                0x0800596c                __adddf3
                0x08005be4                __floatunsidf
                0x08005be4                __aeabi_ui2d
                0x08005c04                __floatsidf
                0x08005c04                __aeabi_i2d
                0x08005c28                __aeabi_f2d
                0x08005c28                __extendsfdf2
                0x08005c64                __floatundidf
                0x08005c64                __aeabi_ul2d
                0x08005c74                __floatdidf
                0x08005c74                __aeabi_l2d
 .text          0x08005cd0      0x424 c:/program files (x86)/atollic/truestudio for arm 5.4.1/armtools/bin/../lib/gcc/arm-atollic-eabi/4.8.3/armv7e-m/fpu\libgcc.a(_arm_muldivdf3.o)
                0x08005cd0                __aeabi_dmul
                0x08005cd0                __muldf3
                0x08005f24                __divdf3
                0x08005f24                __aeabi_ddiv
 .text          0x080060f4      0x110 c:/program files (x86)/atollic/truestudio for arm 5.4.1/armtools/bin/../lib/gcc/arm-atollic-eabi/4.8.3/armv7e-m/fpu\libgcc.a(_arm_cmpdf2.o)
                0x080060f4                __gtdf2
                0x080060f4                __gedf2
                0x080060fc                __ltdf2
                0x080060fc                __ledf2
                0x08006104                __nedf2
                0x08006104                __eqdf2
                0x08006104                __cmpdf2
                0x08006180                __aeabi_cdrcmple
                0x08006190                __aeabi_cdcmpeq
                0x08006190                __aeabi_cdcmple
                0x080061a0                __aeabi_dcmpeq
                0x080061b4                __aeabi_dcmplt
                0x080061c8                __aeabi_dcmple
                0x080061dc                __aeabi_dcmpge
                0x080061f0                __aeabi_dcmpgt
 .text          0x08006204       0x50 c:/program files (x86)/atollic/truestudio for arm 5.4.1/armtools/bin/../lib/gcc/arm-atollic-eabi/4.8.3/armv7e-m/fpu\libgcc.a(_arm_fixdfsi.o)
                0x08006204                __aeabi_d2iz
                0x08006204                __fixdfsi
 .text          0x08006254       0x2c c:/program files (x86)/atollic/truestudio for arm 5.4.1/armtools/bin/../lib/gcc/arm-atollic-eabi/4.8.3/armv7e-m/fpu\libgcc.a(_aeabi_uldivmod.o)
                0x08006254                __aeabi_uldivmod
 .text          0x08006280       0x60 c:/program files (x86)/atollic/truestudio for arm 5.4.1/armtools/bin/../lib/gcc/arm-atollic-eabi/4.8.3/armv7e-m/fpu\libgcc.a(bpabi.o)
                0x08006280                __gnu_ldivmod_helper
                0x080062b0                __gnu_uldivmod_helper
 .text          0x080062e0      0xa1c c:/program files (x86)/atollic/truestudio for arm 5.4.1/armtools/bin/../lib/gcc/arm-atollic-eabi/4.8.3/armv7e-m/fpu\libgcc.a(unwind-arm.o)
                0x080065c4                _Unwind_GetCFA
                0x080065c8                __gnu_Unwind_RaiseException
                0x08006628                __gnu_Unwind_ForcedUnwind
                0x0800663c                __gnu_Unwind_Resume
                0x08006680                __gnu_Unwind_Resume_or_Rethrow
                0x08006690                _Unwind_Complete
                0x08006694                _Unwind_DeleteException
                0x080066a4                _Unwind_VRS_Get
                0x080066f4                _Unwind_VRS_Set
                0x08006744                __gnu_Unwind_Backtrace
                0x08006a98                __aeabi_unwind_cpp_pr0
                0x08006aa0                __aeabi_unwind_cpp_pr1
                0x08006aa8                __aeabi_unwind_cpp_pr2
                0x08006ab0                _Unwind_VRS_Pop
 .text          0x08006cfc      0x1ac c:/program files (x86)/atollic/truestudio for arm 5.4.1/armtools/bin/../lib/gcc/arm-atollic-eabi/4.8.3/armv7e-m/fpu\libgcc.a(libunwind.o)
                0x08006cfc                __restore_core_regs
                0x08006cfc                restore_core_regs
                0x08006d14                __gnu_Unwind_Restore_VFP
                0x08006d1c                __gnu_Unwind_Save_VFP
                0x08006d24                __gnu_Unwind_Restore_VFP_D
                0x08006d2c                __gnu_Unwind_Save_VFP_D
                0x08006d34                __gnu_Unwind_Restore_VFP_D_16_to_31
                0x08006d3c                __gnu_Unwind_Save_VFP_D_16_to_31
                0x08006d44                __gnu_Unwind_Restore_WMMXD
                0x08006d88                __gnu_Unwind_Save_WMMXD
                0x08006dcc                __gnu_Unwind_Restore_WMMXC
                0x08006de0                __gnu_Unwind_Save_WMMXC
                0x08006df4                ___Unwind_RaiseException
                0x08006df4                _Unwind_RaiseException
                0x08006e18                _Unwind_Resume
                0x08006e18                ___Unwind_Resume
                0x08006e3c                _Unwind_Resume_or_Rethrow
                0x08006e3c                ___Unwind_Resume_or_Rethrow
                0x08006e60                _Unwind_ForcedUnwind
                0x08006e60                ___Unwind_ForcedUnwind
                0x08006e84                ___Unwind_Backtrace
                0x08006e84                _Unwind_Backtrace
 .text          0x08006ea8      0x33c c:/program files (x86)/atollic/truestudio for arm 5.4.1/armtools/bin/../lib/gcc/arm-atollic-eabi/4.8.3/armv7e-m/fpu\libgcc.a(pr-support.o)
                0x08006efc                __gnu_unwind_execute
                0x08007188                __gnu_unwind_frame
                0x080071b4                _Unwind_GetRegionStart
                0x080071c0                _Unwind_GetLanguageSpecificData
                0x080071d4                _Unwind_GetDataRelBase
                0x080071dc                _Unwind_GetTextRelBase
 .text          0x080071e4        0x4 c:/program files (x86)/atollic/truestudio for arm 5.4.1/armtools/bin/../lib/gcc/arm-atollic-eabi/4.8.3/armv7e-m/fpu\libgcc.a(_dvmd_tls.o)
                0x080071e4                __aeabi_idiv0
                0x080071e4                __aeabi_ldiv0
 .text          0x080071e8      0x298 c:/program files (x86)/atollic/truestudio for arm 5.4.1/armtools/bin/../lib/gcc/arm-atollic-eabi/4.8.3/armv7e-m/fpu\libgcc.a(_divdi3.o)
                0x080071e8                __divdi3
 .text          0x08007480      0x284 c:/program files (x86)/atollic/truestudio for arm 5.4.1/armtools/bin/../lib/gcc/arm-atollic-eabi/4.8.3/armv7e-m/fpu\libgcc.a(_udivdi3.o)
                0x08007480                __udivdi3
 *(.text*)
 .text.SystemInit
                0x08007704       0x68 src\system_stm32f4xx.o
                0x08007704                SystemInit
 .text.SetSysClock
                0x0800776c       0xf4 src\system_stm32f4xx.o
 .text.NMI_Handler
                0x08007860        0xc src\stm32f4xx_it.o
                0x08007860                NMI_Handler
 .text.HardFault_Handler
                0x0800786c        0x8 src\stm32f4xx_it.o
                0x0800786c                HardFault_Handler
 .text.MemManage_Handler
                0x08007874        0x8 src\stm32f4xx_it.o
                0x08007874                MemManage_Handler
 .text.BusFault_Handler
                0x0800787c        0x8 src\stm32f4xx_it.o
                0x0800787c                BusFault_Handler
 .text.UsageFault_Handler
                0x08007884        0x8 src\stm32f4xx_it.o
                0x08007884                UsageFault_Handler
 .text.SVC_Handler
                0x0800788c        0xc src\stm32f4xx_it.o
                0x0800788c                SVC_Handler
 .text.DebugMon_Handler
                0x08007898        0xc src\stm32f4xx_it.o
                0x08007898                DebugMon_Handler
 .text.PendSV_Handler
                0x080078a4        0xc src\stm32f4xx_it.o
                0x080078a4                PendSV_Handler
 .text.Reset_Handler
                0x080078b0       0x58 src\startup_stm32f40xx.o
                0x080078b0                Reset_Handler
 .text.Default_Handler
                0x08007908        0x4 src\startup_stm32f40xx.o
                0x08007908                RTC_Alarm_IRQHandler
                0x08007908                HASH_RNG_IRQHandler
                0x08007908                EXTI2_IRQHandler
                0x08007908                TIM8_CC_IRQHandler
                0x08007908                TIM1_CC_IRQHandler
                0x08007908                DMA2_Stream5_IRQHandler
                0x08007908                DMA1_Stream5_IRQHandler
                0x08007908                PVD_IRQHandler
                0x08007908                SDIO_IRQHandler
                0x08007908                TAMP_STAMP_IRQHandler
                0x08007908                CAN2_RX1_IRQHandler
                0x08007908                EXTI3_IRQHandler
                0x08007908                TIM8_TRG_COM_TIM14_IRQHandler
                0x08007908                TIM1_UP_TIM10_IRQHandler
                0x08007908                TIM8_UP_TIM13_IRQHandler
                0x08007908                I2C3_ER_IRQHandler
                0x08007908                EXTI0_IRQHandler
                0x08007908                I2C2_EV_IRQHandler
                0x08007908                DMA1_Stream2_IRQHandler
                0x08007908                CAN1_RX0_IRQHandler
                0x08007908                FPU_IRQHandler
                0x08007908                OTG_HS_WKUP_IRQHandler
                0x08007908                CAN2_SCE_IRQHandler
                0x08007908                DMA2_Stream2_IRQHandler
                0x08007908                SPI1_IRQHandler
                0x08007908                TIM6_DAC_IRQHandler
                0x08007908                TIM1_BRK_TIM9_IRQHandler
                0x08007908                DCMI_IRQHandler
                0x08007908                CAN2_RX0_IRQHandler
                0x08007908                DMA2_Stream3_IRQHandler
                0x08007908                USART6_IRQHandler
                0x08007908                USART3_IRQHandler
                0x08007908                CRYP_IRQHandler
                0x08007908                CAN1_RX1_IRQHandler
                0x08007908                UART5_IRQHandler
                0x08007908                DMA2_Stream0_IRQHandler
                0x08007908                TIM4_IRQHandler
                0x08007908                I2C1_EV_IRQHandler
                0x08007908                DMA1_Stream6_IRQHandler
                0x08007908                DMA1_Stream1_IRQHandler
                0x08007908                UART4_IRQHandler
                0x08007908                TIM3_IRQHandler
                0x08007908                RCC_IRQHandler
                0x08007908                TIM8_BRK_TIM12_IRQHandler
                0x08007908                Default_Handler
                0x08007908                EXTI15_10_IRQHandler
                0x08007908                ADC_IRQHandler
                0x08007908                TIM7_IRQHandler
                0x08007908                CAN2_TX_IRQHandler
                0x08007908                TIM5_IRQHandler
                0x08007908                DMA2_Stream7_IRQHandler
                0x08007908                I2C3_EV_IRQHandler
                0x08007908                EXTI9_5_IRQHandler
                0x08007908                RTC_WKUP_IRQHandler
                0x08007908                ETH_WKUP_IRQHandler
                0x08007908                SPI2_IRQHandler
                0x08007908                OTG_HS_EP1_IN_IRQHandler
                0x08007908                CAN1_TX_IRQHandler
                0x08007908                EXTI4_IRQHandler
                0x08007908                FSMC_IRQHandler
                0x08007908                ETH_IRQHandler
                0x08007908                OTG_HS_EP1_OUT_IRQHandler
                0x08007908                WWDG_IRQHandler
                0x08007908                TIM2_IRQHandler
                0x08007908                OTG_FS_WKUP_IRQHandler
                0x08007908                TIM1_TRG_COM_TIM11_IRQHandler
                0x08007908                OTG_HS_IRQHandler
                0x08007908                EXTI1_IRQHandler
                0x08007908                USART2_IRQHandler
                0x08007908                I2C2_ER_IRQHandler
                0x08007908                DMA2_Stream1_IRQHandler
                0x08007908                CAN1_SCE_IRQHandler
                0x08007908                FLASH_IRQHandler
                0x08007908                DMA2_Stream4_IRQHandler
                0x08007908                USART1_IRQHandler
                0x08007908                OTG_FS_IRQHandler
                0x08007908                DMA1_Stream4_IRQHandler
                0x08007908                I2C1_ER_IRQHandler
                0x08007908                DMA2_Stream6_IRQHandler
                0x08007908                DMA1_Stream3_IRQHandler
 .text._ZN5MySpiC2Ev
                0x0800790c       0xd4 src\nrf24v02\my_spi.o
                0x0800790c                MySpi::MySpi()
                0x0800790c                MySpi::MySpi()
 .text._ZN5MySpi8TransferEPhS0_i
                0x080079e0      0x108 src\nrf24v02\my_spi.o
                0x080079e0                MySpi::Transfer(unsigned char*, unsigned char*, int)
 .text._ZN5NRF24C2Ev
                0x08007ae8       0x48 src\nrf24v02\NRF24.o
                0x08007ae8                NRF24::NRF24()
                0x08007ae8                NRF24::NRF24()
 .text._ZN5NRF246ConfigEv
                0x08007b30       0xbc src\nrf24v02\NRF24.o
                0x08007b30                NRF24::Config()
 .text._ZN5NRF2413WriteRegisterEhPhi
                0x08007bec      0x104 src\nrf24v02\NRF24.o
                0x08007bec                NRF24::WriteRegister(unsigned char, unsigned char*, int)
 .text._ZN5NRF2412ReadRegisterEhPhi
                0x08007cf0       0xf8 src\nrf24v02\NRF24.o
                0x08007cf0                NRF24::ReadRegister(unsigned char, unsigned char*, int)
 .text._ZN5NRF2411ReadPayloadEPhi
                0x08007de8       0xf4 src\nrf24v02\NRF24.o
                0x08007de8                NRF24::ReadPayload(unsigned char*, int)
 .text._ZN5NRF247FlushTxEv
                0x08007edc       0x58 src\nrf24v02\NRF24.o
                0x08007edc                NRF24::FlushTx()
 .text._ZN5NRF247FlushRxEv
                0x08007f34       0x58 src\nrf24v02\NRF24.o
                0x08007f34                NRF24::FlushRx()
 .text._ZN5NRF2415WriteAckPayloadEPhi
                0x08007f8c       0xf8 src\nrf24v02\NRF24.o
                0x08007f8c                NRF24::WriteAckPayload(unsigned char*, int)
 .text._ZN5NRF249DataReadyEv
                0x08008084       0x28 src\nrf24v02\NRF24.o
                0x08008084                NRF24::DataReady()
 .text._ZN5NRF2414CleanDataReadyEv
                0x080080ac       0x28 src\nrf24v02\NRF24.o
                0x080080ac                NRF24::CleanDataReady()
 .text._ZN5NRF247RxEmptyEv
                0x080080d4       0x28 src\nrf24v02\NRF24.o
                0x080080d4                NRF24::RxEmpty()
 .text._ZN4GPIOC2EP12GPIO_TypeDeft
                0x080080fc       0xb4 src\nrf24v02\GPIO.o
                0x080080fc                GPIO::GPIO(GPIO_TypeDef*, unsigned short)
                0x080080fc                GPIO::GPIO(GPIO_TypeDef*, unsigned short)
 .text._ZN4GPIO3SetEv
                0x080081b0       0x20 src\nrf24v02\GPIO.o
                0x080081b0                GPIO::Set()
 .text._ZN4GPIO5ResetEv
                0x080081d0       0x20 src\nrf24v02\GPIO.o
                0x080081d0                GPIO::Reset()
 .text.NVIC_SetPriority
                0x080081f0       0x54 src\main.o
 .text.SysTick_Config
                0x08008244       0x44 src\main.o
 .text.main     0x08008288       0xe0 src\main.o
                0x08008288                main
 .text.SysTick_Handler
                0x08008368        0xc src\main.o
                0x08008368                SysTick_Handler
 .text._Z21TimingDelay_Decrementv
                0x08008374       0x2c src\main.o
                0x08008374                TimingDelay_Decrement()
 .text.EVAL_AUDIO_TransferComplete_CallBack
                0x080083a0       0x18 src\main.o
                0x080083a0                EVAL_AUDIO_TransferComplete_CallBack
 .text.EVAL_AUDIO_GetSampleCallBack
                0x080083b8       0x14 src\main.o
                0x080083b8                EVAL_AUDIO_GetSampleCallBack
 .text.Audio_MAL_IRQHandler
                0x080083cc       0xf8 Utilities\STM32F4-Discovery\stm32f4_discovery_audio_codec.o
 .text.DMA1_Stream7_IRQHandler
                0x080084c4        0xc Utilities\STM32F4-Discovery\stm32f4_discovery_audio_codec.o
                0x080084c4                DMA1_Stream7_IRQHandler
 .text.DMA1_Stream0_IRQHandler
                0x080084d0        0xc Utilities\STM32F4-Discovery\stm32f4_discovery_audio_codec.o
                0x080084d0                DMA1_Stream0_IRQHandler
 .text.SPI3_IRQHandler
                0x080084dc       0x40 Utilities\STM32F4-Discovery\stm32f4_discovery_audio_codec.o
                0x080084dc                SPI3_IRQHandler
 .text.STM_EVAL_LEDInit
                0x0800851c       0x5c Utilities\STM32F4-Discovery\stm32f4_discovery.o
                0x0800851c                STM_EVAL_LEDInit
 .text.STM_EVAL_LEDToggle
                0x08008578       0x3c Utilities\STM32F4-Discovery\stm32f4_discovery.o
                0x08008578                STM_EVAL_LEDToggle
 .text.SPI_Init
                0x080085b4       0x88 Libraries\STM32F4xx_StdPeriph_Driver\src\stm32f4xx_spi.o
                0x080085b4                SPI_Init
 .text.SPI_Cmd  0x0800863c       0x40 Libraries\STM32F4xx_StdPeriph_Driver\src\stm32f4xx_spi.o
                0x0800863c                SPI_Cmd
 .text.SPI_I2S_ReceiveData
                0x0800867c       0x1c Libraries\STM32F4xx_StdPeriph_Driver\src\stm32f4xx_spi.o
                0x0800867c                SPI_I2S_ReceiveData
 .text.SPI_I2S_SendData
                0x08008698       0x1c Libraries\STM32F4xx_StdPeriph_Driver\src\stm32f4xx_spi.o
                0x08008698                SPI_I2S_SendData
 .text.SPI_I2S_GetFlagStatus
                0x080086b4       0x38 Libraries\STM32F4xx_StdPeriph_Driver\src\stm32f4xx_spi.o
                0x080086b4                SPI_I2S_GetFlagStatus
 .text.RCC_AHB1PeriphClockCmd
                0x080086ec       0x3c Libraries\STM32F4xx_StdPeriph_Driver\src\stm32f4xx_rcc.o
                0x080086ec                RCC_AHB1PeriphClockCmd
 .text.RCC_APB2PeriphClockCmd
                0x08008728       0x3c Libraries\STM32F4xx_StdPeriph_Driver\src\stm32f4xx_rcc.o
                0x08008728                RCC_APB2PeriphClockCmd
 .text.GPIO_Init
                0x08008764      0x11c Libraries\STM32F4xx_StdPeriph_Driver\src\stm32f4xx_gpio.o
                0x08008764                GPIO_Init
 .text.GPIO_SetBits
                0x08008880       0x1c Libraries\STM32F4xx_StdPeriph_Driver\src\stm32f4xx_gpio.o
                0x08008880                GPIO_SetBits
 .text.GPIO_ResetBits
                0x0800889c       0x1c Libraries\STM32F4xx_StdPeriph_Driver\src\stm32f4xx_gpio.o
                0x0800889c                GPIO_ResetBits
 .text.GPIO_PinAFConfig
                0x080088b8       0x8c Libraries\STM32F4xx_StdPeriph_Driver\src\stm32f4xx_gpio.o
                0x080088b8                GPIO_PinAFConfig
 .text.DMA_Init
                0x08008944       0xac Libraries\STM32F4xx_StdPeriph_Driver\src\stm32f4xx_dma.o
                0x08008944                DMA_Init
 .text.DMA_Cmd  0x080089f0       0x38 Libraries\STM32F4xx_StdPeriph_Driver\src\stm32f4xx_dma.o
                0x080089f0                DMA_Cmd
 .text.DMA_GetCmdStatus
                0x08008a28       0x30 Libraries\STM32F4xx_StdPeriph_Driver\src\stm32f4xx_dma.o
                0x08008a28                DMA_GetCmdStatus
 .text.DMA_GetFlagStatus
                0x08008a58       0x78 Libraries\STM32F4xx_StdPeriph_Driver\src\stm32f4xx_dma.o
                0x08008a58                DMA_GetFlagStatus
 .text.DMA_ClearFlag
                0x08008ad0       0x5c Libraries\STM32F4xx_StdPeriph_Driver\src\stm32f4xx_dma.o
                0x08008ad0                DMA_ClearFlag
 .text.DAC_SetChannel1Data
                0x08008b2c       0x34 Libraries\STM32F4xx_StdPeriph_Driver\src\stm32f4xx_dac.o
                0x08008b2c                DAC_SetChannel1Data
 .text._Znwj    0x08008b60       0x58 c:/program files (x86)/atollic/truestudio for arm 5.4.1/armtools/bin/../lib/gcc/arm-atollic-eabi/4.8.3/../../../../arm-atollic-eabi/lib/armv7e-m/fpu\libstdc++.a(new_op.o)
                0x08008b60                operator new(unsigned int)
 .text.__cxa_end_cleanup
                0x08008bb8        0xc c:/program files (x86)/atollic/truestudio for arm 5.4.1/armtools/bin/../lib/gcc/arm-atollic-eabi/4.8.3/../../../../arm-atollic-eabi/lib/armv7e-m/fpu\libstdc++.a(eh_arm.o)
                0x08008bb8                __cxa_end_cleanup
 .text.__cxa_type_match
                0x08008bc4       0xac c:/program files (x86)/atollic/truestudio for arm 5.4.1/armtools/bin/../lib/gcc/arm-atollic-eabi/4.8.3/../../../../arm-atollic-eabi/lib/armv7e-m/fpu\libstdc++.a(eh_arm.o)
                0x08008bc4                __cxa_type_match
 .text.__cxa_begin_cleanup
                0x08008c70       0x64 c:/program files (x86)/atollic/truestudio for arm 5.4.1/armtools/bin/../lib/gcc/arm-atollic-eabi/4.8.3/../../../../arm-atollic-eabi/lib/armv7e-m/fpu\libstdc++.a(eh_arm.o)
                0x08008c70                __cxa_begin_cleanup
 .text.__gnu_end_cleanup
                0x08008cd4       0x70 c:/program files (x86)/atollic/truestudio for arm 5.4.1/armtools/bin/../lib/gcc/arm-atollic-eabi/4.8.3/../../../../arm-atollic-eabi/lib/armv7e-m/fpu\libstdc++.a(eh_arm.o)
                0x08008cd4                __gnu_end_cleanup
 .text._ZNKSt9bad_alloc4whatEv
                0x08008d44        0x8 c:/program files (x86)/atollic/truestudio for arm 5.4.1/armtools/bin/../lib/gcc/arm-atollic-eabi/4.8.3/../../../../arm-atollic-eabi/lib/armv7e-m/fpu\libstdc++.a(bad_alloc.o)
                0x08008d44                std::bad_alloc::what() const
 .text._ZNSt9bad_allocD2Ev
                0x08008d4c       0x14 c:/program files (x86)/atollic/truestudio for arm 5.4.1/armtools/bin/../lib/gcc/arm-atollic-eabi/4.8.3/../../../../arm-atollic-eabi/lib/armv7e-m/fpu\libstdc++.a(bad_alloc.o)
                0x08008d4c                std::bad_alloc::~bad_alloc()
                0x08008d4c                std::bad_alloc::~bad_alloc()
 .text._ZNSt9bad_allocD0Ev
                0x08008d60       0x1c c:/program files (x86)/atollic/truestudio for arm 5.4.1/armtools/bin/../lib/gcc/arm-atollic-eabi/4.8.3/../../../../arm-atollic-eabi/lib/armv7e-m/fpu\libstdc++.a(bad_alloc.o)
                0x08008d60                std::bad_alloc::~bad_alloc()
 .text._ZN10__cxxabiv1L24__is_gxx_exception_classEPc
                0x08008d7c       0x3c c:/program files (x86)/atollic/truestudio for arm 5.4.1/armtools/bin/../lib/gcc/arm-atollic-eabi/4.8.3/../../../../arm-atollic-eabi/lib/armv7e-m/fpu\libstdc++.a(eh_call.o)
 .text.__cxa_call_terminate
                0x08008db8       0x20 c:/program files (x86)/atollic/truestudio for arm 5.4.1/armtools/bin/../lib/gcc/arm-atollic-eabi/4.8.3/../../../../arm-atollic-eabi/lib/armv7e-m/fpu\libstdc++.a(eh_call.o)
                0x08008db8                __cxa_call_terminate
 .text.__cxa_call_unexpected
                0x08008dd8       0xd4 c:/program files (x86)/atollic/truestudio for arm 5.4.1/armtools/bin/../lib/gcc/arm-atollic-eabi/4.8.3/../../../../arm-atollic-eabi/lib/armv7e-m/fpu\libstdc++.a(eh_call.o)
                0x08008dd8                __cxa_call_unexpected
 .text.__cxa_allocate_exception
                0x08008eac       0x58 c:/program files (x86)/atollic/truestudio for arm 5.4.1/armtools/bin/../lib/gcc/arm-atollic-eabi/4.8.3/../../../../arm-atollic-eabi/lib/armv7e-m/fpu\libstdc++.a(eh_alloc.o)
                0x08008eac                __cxa_allocate_exception
 .text.__cxa_free_exception
                0x08008f04       0x34 c:/program files (x86)/atollic/truestudio for arm 5.4.1/armtools/bin/../lib/gcc/arm-atollic-eabi/4.8.3/../../../../arm-atollic-eabi/lib/armv7e-m/fpu\libstdc++.a(eh_alloc.o)
                0x08008f04                __cxa_free_exception
 .text._ZL23__gxx_exception_cleanup19_Unwind_Reason_CodeP21_Unwind_Control_Block
                0x08008f38       0x44 c:/program files (x86)/atollic/truestudio for arm 5.4.1/armtools/bin/../lib/gcc/arm-atollic-eabi/4.8.3/../../../../arm-atollic-eabi/lib/armv7e-m/fpu\libstdc++.a(eh_throw.o)
 .text.__cxa_throw
                0x08008f7c       0x90 c:/program files (x86)/atollic/truestudio for arm 5.4.1/armtools/bin/../lib/gcc/arm-atollic-eabi/4.8.3/../../../../arm-atollic-eabi/lib/armv7e-m/fpu\libstdc++.a(eh_throw.o)
                0x08008f7c                __cxa_throw
 .text.__cxa_rethrow
                0x0800900c       0x70 c:/program files (x86)/atollic/truestudio for arm 5.4.1/armtools/bin/../lib/gcc/arm-atollic-eabi/4.8.3/../../../../arm-atollic-eabi/lib/armv7e-m/fpu\libstdc++.a(eh_throw.o)
                0x0800900c                __cxa_rethrow
 .text._ZL12read_sleb128PKhPl
                0x0800907c       0x34 c:/program files (x86)/atollic/truestudio for arm 5.4.1/armtools/bin/../lib/gcc/arm-atollic-eabi/4.8.3/../../../../arm-atollic-eabi/lib/armv7e-m/fpu\libstdc++.a(eh_personality.o)
 .text._ZL28read_encoded_value_with_basehjPKhPj
                0x080090b0       0xb0 c:/program files (x86)/atollic/truestudio for arm 5.4.1/armtools/bin/../lib/gcc/arm-atollic-eabi/4.8.3/../../../../arm-atollic-eabi/lib/armv7e-m/fpu\libstdc++.a(eh_personality.o)
 .text._ZL21base_of_encoded_valuehP15_Unwind_Context
                0x08009160       0x4c c:/program files (x86)/atollic/truestudio for arm 5.4.1/armtools/bin/../lib/gcc/arm-atollic-eabi/4.8.3/../../../../arm-atollic-eabi/lib/armv7e-m/fpu\libstdc++.a(eh_personality.o)
 .text._ZL17parse_lsda_headerP15_Unwind_ContextPKhP16lsda_header_info
                0x080091ac       0x98 c:/program files (x86)/atollic/truestudio for arm 5.4.1/armtools/bin/../lib/gcc/arm-atollic-eabi/4.8.3/../../../../arm-atollic-eabi/lib/armv7e-m/fpu\libstdc++.a(eh_personality.o)
 .text.__gxx_personality_v0
                0x08009244      0x408 c:/program files (x86)/atollic/truestudio for arm 5.4.1/armtools/bin/../lib/gcc/arm-atollic-eabi/4.8.3/../../../../arm-atollic-eabi/lib/armv7e-m/fpu\libstdc++.a(eh_personality.o)
                0x08009244                __gxx_personality_v0
 .text._ZNSt9exceptionD2Ev
                0x0800964c        0xc c:/program files (x86)/atollic/truestudio for arm 5.4.1/armtools/bin/../lib/gcc/arm-atollic-eabi/4.8.3/../../../../arm-atollic-eabi/lib/armv7e-m/fpu\libstdc++.a(eh_exception.o)
                0x0800964c                std::exception::~exception()
                0x0800964c                std::exception::~exception()
 .text._ZNSt13bad_exceptionD2Ev
                0x08009658        0xc c:/program files (x86)/atollic/truestudio for arm 5.4.1/armtools/bin/../lib/gcc/arm-atollic-eabi/4.8.3/../../../../arm-atollic-eabi/lib/armv7e-m/fpu\libstdc++.a(eh_exception.o)
                0x08009658                std::bad_exception::~bad_exception()
                0x08009658                std::bad_exception::~bad_exception()
 .text._ZNKSt9exception4whatEv
                0x08009664        0x8 c:/program files (x86)/atollic/truestudio for arm 5.4.1/armtools/bin/../lib/gcc/arm-atollic-eabi/4.8.3/../../../../arm-atollic-eabi/lib/armv7e-m/fpu\libstdc++.a(eh_exception.o)
                0x08009664                std::exception::what() const
 .text._ZNKSt13bad_exception4whatEv
                0x0800966c        0x8 c:/program files (x86)/atollic/truestudio for arm 5.4.1/armtools/bin/../lib/gcc/arm-atollic-eabi/4.8.3/../../../../arm-atollic-eabi/lib/armv7e-m/fpu\libstdc++.a(eh_exception.o)
                0x0800966c                std::bad_exception::what() const
 .text._ZNSt9exceptionD0Ev
                0x08009674       0x14 c:/program files (x86)/atollic/truestudio for arm 5.4.1/armtools/bin/../lib/gcc/arm-atollic-eabi/4.8.3/../../../../arm-atollic-eabi/lib/armv7e-m/fpu\libstdc++.a(eh_exception.o)
                0x08009674                std::exception::~exception()
 .text._ZNSt13bad_exceptionD0Ev
                0x08009688       0x14 c:/program files (x86)/atollic/truestudio for arm 5.4.1/armtools/bin/../lib/gcc/arm-atollic-eabi/4.8.3/../../../../arm-atollic-eabi/lib/armv7e-m/fpu\libstdc++.a(eh_exception.o)
                0x08009688                std::bad_exception::~bad_exception()
 .text.__cxa_get_globals_fast
                0x0800969c        0x8 c:/program files (x86)/atollic/truestudio for arm 5.4.1/armtools/bin/../lib/gcc/arm-atollic-eabi/4.8.3/../../../../arm-atollic-eabi/lib/armv7e-m/fpu\libstdc++.a(eh_globals.o)
                0x0800969c                __cxa_get_globals_fast
 .text.__cxa_get_globals
                0x080096a4        0x8 c:/program files (x86)/atollic/truestudio for arm 5.4.1/armtools/bin/../lib/gcc/arm-atollic-eabi/4.8.3/../../../../arm-atollic-eabi/lib/armv7e-m/fpu\libstdc++.a(eh_globals.o)
                0x080096a4                __cxa_get_globals
 .text.__cxa_begin_catch
                0x080096ac       0x8c c:/program files (x86)/atollic/truestudio for arm 5.4.1/armtools/bin/../lib/gcc/arm-atollic-eabi/4.8.3/../../../../arm-atollic-eabi/lib/armv7e-m/fpu\libstdc++.a(eh_catch.o)
                0x080096ac                __cxa_begin_catch
 .text.__cxa_end_catch
                0x08009738       0x8c c:/program files (x86)/atollic/truestudio for arm 5.4.1/armtools/bin/../lib/gcc/arm-atollic-eabi/4.8.3/../../../../arm-atollic-eabi/lib/armv7e-m/fpu\libstdc++.a(eh_catch.o)
                0x08009738                __cxa_end_catch
 .text._ZN10__cxxabiv111__terminateEPFvvE
                0x080097c4       0x28 c:/program files (x86)/atollic/truestudio for arm 5.4.1/armtools/bin/../lib/gcc/arm-atollic-eabi/4.8.3/../../../../arm-atollic-eabi/lib/armv7e-m/fpu\libstdc++.a(eh_terminate.o)
                0x080097c4                __cxxabiv1::__terminate(void (*)())
 .text._ZSt9terminatev
                0x080097ec       0x10 c:/program files (x86)/atollic/truestudio for arm 5.4.1/armtools/bin/../lib/gcc/arm-atollic-eabi/4.8.3/../../../../arm-atollic-eabi/lib/armv7e-m/fpu\libstdc++.a(eh_terminate.o)
                0x080097ec                std::terminate()
 .text._ZN10__cxxabiv112__unexpectedEPFvvE
                0x080097fc        0x8 c:/program files (x86)/atollic/truestudio for arm 5.4.1/armtools/bin/../lib/gcc/arm-atollic-eabi/4.8.3/../../../../arm-atollic-eabi/lib/armv7e-m/fpu\libstdc++.a(eh_terminate.o)
                0x080097fc                __cxxabiv1::__unexpected(void (*)())
 .text._ZSt10unexpectedv
                0x08009804       0x10 c:/program files (x86)/atollic/truestudio for arm 5.4.1/armtools/bin/../lib/gcc/arm-atollic-eabi/4.8.3/../../../../arm-atollic-eabi/lib/armv7e-m/fpu\libstdc++.a(eh_terminate.o)
                0x08009804                std::unexpected()
 .text._ZN10__cxxabiv120__si_class_type_infoD2Ev
                0x08009814       0x14 c:/program files (x86)/atollic/truestudio for arm 5.4.1/armtools/bin/../lib/gcc/arm-atollic-eabi/4.8.3/../../../../arm-atollic-eabi/lib/armv7e-m/fpu\libstdc++.a(si_class_type_info.o)
                0x08009814                __cxxabiv1::__si_class_type_info::~__si_class_type_info()
                0x08009814                __cxxabiv1::__si_class_type_info::~__si_class_type_info()
 .text._ZN10__cxxabiv120__si_class_type_infoD0Ev
                0x08009828       0x1c c:/program files (x86)/atollic/truestudio for arm 5.4.1/armtools/bin/../lib/gcc/arm-atollic-eabi/4.8.3/../../../../arm-atollic-eabi/lib/armv7e-m/fpu\libstdc++.a(si_class_type_info.o)
                0x08009828                __cxxabiv1::__si_class_type_info::~__si_class_type_info()
 .text._ZNK10__cxxabiv120__si_class_type_info20__do_find_public_srcEiPKvPKNS_17__class_type_infoES2_
                0x08009844       0x34 c:/program files (x86)/atollic/truestudio for arm 5.4.1/armtools/bin/../lib/gcc/arm-atollic-eabi/4.8.3/../../../../arm-atollic-eabi/lib/armv7e-m/fpu\libstdc++.a(si_class_type_info.o)
                0x08009844                __cxxabiv1::__si_class_type_info::__do_find_public_src(int, void const*, __cxxabiv1::__class_type_info const*, void const*) const
 .text._ZNK10__cxxabiv120__si_class_type_info12__do_dyncastEiNS_17__class_type_info10__sub_kindEPKS1_PKvS4_S6_RNS1_16__dyncast_resultE
                0x08009878       0x98 c:/program files (x86)/atollic/truestudio for arm 5.4.1/armtools/bin/../lib/gcc/arm-atollic-eabi/4.8.3/../../../../arm-atollic-eabi/lib/armv7e-m/fpu\libstdc++.a(si_class_type_info.o)
                0x08009878                __cxxabiv1::__si_class_type_info::__do_dyncast(int, __cxxabiv1::__class_type_info::__sub_kind, __cxxabiv1::__class_type_info const*, void const*, __cxxabiv1::__class_type_info const*, void const*, __cxxabiv1::__class_type_info::__dyncast_result&) const
 .text._ZNK10__cxxabiv120__si_class_type_info11__do_upcastEPKNS_17__class_type_infoEPKvRNS1_15__upcast_resultE
                0x08009910       0x20 c:/program files (x86)/atollic/truestudio for arm 5.4.1/armtools/bin/../lib/gcc/arm-atollic-eabi/4.8.3/../../../../arm-atollic-eabi/lib/armv7e-m/fpu\libstdc++.a(si_class_type_info.o)
                0x08009910                __cxxabiv1::__si_class_type_info::__do_upcast(__cxxabiv1::__class_type_info const*, void const*, __cxxabiv1::__class_type_info::__upcast_result&) const
 .text._ZdlPv   0x08009930        0x8 c:/program files (x86)/atollic/truestudio for arm 5.4.1/armtools/bin/../lib/gcc/arm-atollic-eabi/4.8.3/../../../../arm-atollic-eabi/lib/armv7e-m/fpu\libstdc++.a(del_op.o)
                0x08009930                operator delete(void*)
 .text._ZN9__gnu_cxx27__verbose_terminate_handlerEv
                0x08009938      0x114 c:/program files (x86)/atollic/truestudio for arm 5.4.1/armtools/bin/../lib/gcc/arm-atollic-eabi/4.8.3/../../../../arm-atollic-eabi/lib/armv7e-m/fpu\libstdc++.a(vterminate.o)
                0x08009938                __gnu_cxx::__verbose_terminate_handler()
 .text._ZNK10__cxxabiv117__class_type_info11__do_upcastEPKS0_PPv
                0x08009a4c       0x38 c:/program files (x86)/atollic/truestudio for arm 5.4.1/armtools/bin/../lib/gcc/arm-atollic-eabi/4.8.3/../../../../arm-atollic-eabi/lib/armv7e-m/fpu\libstdc++.a(class_type_info.o)
                0x08009a4c                __cxxabiv1::__class_type_info::__do_upcast(__cxxabiv1::__class_type_info const*, void**) const
 .text._ZNK10__cxxabiv117__class_type_info20__do_find_public_srcEiPKvPKS0_S2_
                0x08009a84        0xc c:/program files (x86)/atollic/truestudio for arm 5.4.1/armtools/bin/../lib/gcc/arm-atollic-eabi/4.8.3/../../../../arm-atollic-eabi/lib/armv7e-m/fpu\libstdc++.a(class_type_info.o)
                0x08009a84                __cxxabiv1::__class_type_info::__do_find_public_src(int, void const*, __cxxabiv1::__class_type_info const*, void const*) const
 .text._ZN10__cxxabiv117__class_type_infoD2Ev
                0x08009a90       0x14 c:/program files (x86)/atollic/truestudio for arm 5.4.1/armtools/bin/../lib/gcc/arm-atollic-eabi/4.8.3/../../../../arm-atollic-eabi/lib/armv7e-m/fpu\libstdc++.a(class_type_info.o)
                0x08009a90                __cxxabiv1::__class_type_info::~__class_type_info()
                0x08009a90                __cxxabiv1::__class_type_info::~__class_type_info()
 .text._ZN10__cxxabiv117__class_type_infoD0Ev
                0x08009aa4       0x1c c:/program files (x86)/atollic/truestudio for arm 5.4.1/armtools/bin/../lib/gcc/arm-atollic-eabi/4.8.3/../../../../arm-atollic-eabi/lib/armv7e-m/fpu\libstdc++.a(class_type_info.o)
                0x08009aa4                __cxxabiv1::__class_type_info::~__class_type_info()
 .text._ZNK10__cxxabiv117__class_type_info11__do_upcastEPKS0_PKvRNS0_15__upcast_resultE
                0x08009ac0       0x18 c:/program files (x86)/atollic/truestudio for arm 5.4.1/armtools/bin/../lib/gcc/arm-atollic-eabi/4.8.3/../../../../arm-atollic-eabi/lib/armv7e-m/fpu\libstdc++.a(class_type_info.o)
                0x08009ac0                __cxxabiv1::__class_type_info::__do_upcast(__cxxabiv1::__class_type_info const*, void const*, __cxxabiv1::__class_type_info::__upcast_result&) const
 .text._ZNK10__cxxabiv117__class_type_info10__do_catchEPKSt9type_infoPPvj
                0x08009ad8       0x24 c:/program files (x86)/atollic/truestudio for arm 5.4.1/armtools/bin/../lib/gcc/arm-atollic-eabi/4.8.3/../../../../arm-atollic-eabi/lib/armv7e-m/fpu\libstdc++.a(class_type_info.o)
                0x08009ad8                __cxxabiv1::__class_type_info::__do_catch(std::type_info const*, void**, unsigned int) const
 .text._ZNK10__cxxabiv117__class_type_info12__do_dyncastEiNS0_10__sub_kindEPKS0_PKvS3_S5_RNS0_16__dyncast_resultE
                0x08009afc       0x40 c:/program files (x86)/atollic/truestudio for arm 5.4.1/armtools/bin/../lib/gcc/arm-atollic-eabi/4.8.3/../../../../arm-atollic-eabi/lib/armv7e-m/fpu\libstdc++.a(class_type_info.o)
                0x08009afc                __cxxabiv1::__class_type_info::__do_dyncast(int, __cxxabiv1::__class_type_info::__sub_kind, __cxxabiv1::__class_type_info const*, void const*, __cxxabiv1::__class_type_info const*, void const*, __cxxabiv1::__class_type_info::__dyncast_result&) const
 .text._ZNSt9type_infoD2Ev
                0x08009b3c        0xc c:/program files (x86)/atollic/truestudio for arm 5.4.1/armtools/bin/../lib/gcc/arm-atollic-eabi/4.8.3/../../../../arm-atollic-eabi/lib/armv7e-m/fpu\libstdc++.a(tinfo.o)
                0x08009b3c                std::type_info::~type_info()
                0x08009b3c                std::type_info::~type_info()
 .text._ZNKSt9type_info14__is_pointer_pEv
                0x08009b48        0x4 c:/program files (x86)/atollic/truestudio for arm 5.4.1/armtools/bin/../lib/gcc/arm-atollic-eabi/4.8.3/../../../../arm-atollic-eabi/lib/armv7e-m/fpu\libstdc++.a(tinfo.o)
                0x08009b48                std::type_info::__is_pointer_p() const
 .text._ZNKSt9type_info15__is_function_pEv
                0x08009b4c        0x4 c:/program files (x86)/atollic/truestudio for arm 5.4.1/armtools/bin/../lib/gcc/arm-atollic-eabi/4.8.3/../../../../arm-atollic-eabi/lib/armv7e-m/fpu\libstdc++.a(tinfo.o)
                0x08009b4c                std::type_info::__is_function_p() const
 .text._ZNKSt9type_info11__do_upcastEPKN10__cxxabiv117__class_type_infoEPPv
                0x08009b50        0x4 c:/program files (x86)/atollic/truestudio for arm 5.4.1/armtools/bin/../lib/gcc/arm-atollic-eabi/4.8.3/../../../../arm-atollic-eabi/lib/armv7e-m/fpu\libstdc++.a(tinfo.o)
                0x08009b50                std::type_info::__do_upcast(__cxxabiv1::__class_type_info const*, void**) const
 .text._ZNSt9type_infoD0Ev
                0x08009b54       0x14 c:/program files (x86)/atollic/truestudio for arm 5.4.1/armtools/bin/../lib/gcc/arm-atollic-eabi/4.8.3/../../../../arm-atollic-eabi/lib/armv7e-m/fpu\libstdc++.a(tinfo.o)
                0x08009b54                std::type_info::~type_info()
 .text._ZNKSt9type_infoeqERKS_
                0x08009b68       0x30 c:/program files (x86)/atollic/truestudio for arm 5.4.1/armtools/bin/../lib/gcc/arm-atollic-eabi/4.8.3/../../../../arm-atollic-eabi/lib/armv7e-m/fpu\libstdc++.a(tinfo.o)
                0x08009b68                std::type_info::operator==(std::type_info const&) const
 .text._ZNKSt9type_info10__do_catchEPKS_PPvj
                0x08009b98        0x4 c:/program files (x86)/atollic/truestudio for arm 5.4.1/armtools/bin/../lib/gcc/arm-atollic-eabi/4.8.3/../../../../arm-atollic-eabi/lib/armv7e-m/fpu\libstdc++.a(tinfo.o)
                0x08009b98                std::type_info::__do_catch(std::type_info const*, void**, unsigned int) const
 .text.__cxa_current_exception_type
                0x08009b9c       0x1c c:/program files (x86)/atollic/truestudio for arm 5.4.1/armtools/bin/../lib/gcc/arm-atollic-eabi/4.8.3/../../../../arm-atollic-eabi/lib/armv7e-m/fpu\libstdc++.a(eh_type.o)
                0x08009b9c                __cxa_current_exception_type
 .text.abort    0x08009bb8        0xe c:/program files (x86)/atollic/truestudio for arm 5.4.1/armtools/bin/../lib/gcc/arm-atollic-eabi/4.8.3/../../../../arm-atollic-eabi/lib/armv7e-m/fpu\libc.a(lib_a-abort.o)
                0x08009bb8                abort
 *fill*         0x08009bc6        0x2 
 .text._fputc_r
                0x08009bc8       0x48 c:/program files (x86)/atollic/truestudio for arm 5.4.1/armtools/bin/../lib/gcc/arm-atollic-eabi/4.8.3/../../../../arm-atollic-eabi/lib/armv7e-m/fpu\libc.a(lib_a-fputc.o)
                0x08009bc8                _fputc_r
 .text.fputc    0x08009c10       0x14 c:/program files (x86)/atollic/truestudio for arm 5.4.1/armtools/bin/../lib/gcc/arm-atollic-eabi/4.8.3/../../../../arm-atollic-eabi/lib/armv7e-m/fpu\libc.a(lib_a-fputc.o)
                0x08009c10                fputc
 .text._fputs_r
                0x08009c24       0x74 c:/program files (x86)/atollic/truestudio for arm 5.4.1/armtools/bin/../lib/gcc/arm-atollic-eabi/4.8.3/../../../../arm-atollic-eabi/lib/armv7e-m/fpu\libc.a(lib_a-fputs.o)
                0x08009c24                _fputs_r
 .text.fputs    0x08009c98       0x14 c:/program files (x86)/atollic/truestudio for arm 5.4.1/armtools/bin/../lib/gcc/arm-atollic-eabi/4.8.3/../../../../arm-atollic-eabi/lib/armv7e-m/fpu\libc.a(lib_a-fputs.o)
                0x08009c98                fputs
 .text.__sfvwrite_r
                0x08009cac      0x298 c:/program files (x86)/atollic/truestudio for arm 5.4.1/armtools/bin/../lib/gcc/arm-atollic-eabi/4.8.3/../../../../arm-atollic-eabi/lib/armv7e-m/fpu\libc.a(lib_a-fvwrite.o)
                0x08009cac                __sfvwrite_r
 .text._fwrite_r
                0x08009f44       0x84 c:/program files (x86)/atollic/truestudio for arm 5.4.1/armtools/bin/../lib/gcc/arm-atollic-eabi/4.8.3/../../../../arm-atollic-eabi/lib/armv7e-m/fpu\libc.a(lib_a-fwrite.o)
                0x08009f44                _fwrite_r
 .text.fwrite   0x08009fc8       0x20 c:/program files (x86)/atollic/truestudio for arm 5.4.1/armtools/bin/../lib/gcc/arm-atollic-eabi/4.8.3/../../../../arm-atollic-eabi/lib/armv7e-m/fpu\libc.a(lib_a-fwrite.o)
                0x08009fc8                fwrite
 .text.__libc_init_array
                0x08009fe8       0x4c c:/program files (x86)/atollic/truestudio for arm 5.4.1/armtools/bin/../lib/gcc/arm-atollic-eabi/4.8.3/../../../../arm-atollic-eabi/lib/armv7e-m/fpu\libc.a(lib_a-init.o)
                0x08009fe8                __libc_init_array
 .text.malloc   0x0800a034       0x10 c:/program files (x86)/atollic/truestudio for arm 5.4.1/armtools/bin/../lib/gcc/arm-atollic-eabi/4.8.3/../../../../arm-atollic-eabi/lib/armv7e-m/fpu\libc.a(lib_a-malloc.o)
                0x0800a034                malloc
 .text.free     0x0800a044       0x10 c:/program files (x86)/atollic/truestudio for arm 5.4.1/armtools/bin/../lib/gcc/arm-atollic-eabi/4.8.3/../../../../arm-atollic-eabi/lib/armv7e-m/fpu\libc.a(lib_a-malloc.o)
                0x0800a044                free
 .text._malloc_r
                0x0800a054      0x424 c:/program files (x86)/atollic/truestudio for arm 5.4.1/armtools/bin/../lib/gcc/arm-atollic-eabi/4.8.3/../../../../arm-atollic-eabi/lib/armv7e-m/fpu\libc.a(lib_a-mallocr.o)
                0x0800a054                _malloc_r
 .text.memchr   0x0800a478       0x1e c:/program files (x86)/atollic/truestudio for arm 5.4.1/armtools/bin/../lib/gcc/arm-atollic-eabi/4.8.3/../../../../arm-atollic-eabi/lib/armv7e-m/fpu\libc.a(lib_a-memchr-stub.o)
                0x0800a478                memchr
 .text.memcmp   0x0800a496       0x1e c:/program files (x86)/atollic/truestudio for arm 5.4.1/armtools/bin/../lib/gcc/arm-atollic-eabi/4.8.3/../../../../arm-atollic-eabi/lib/armv7e-m/fpu\libc.a(lib_a-memcmp.o)
                0x0800a496                memcmp
 .text.memcpy   0x0800a4b4       0x12 c:/program files (x86)/atollic/truestudio for arm 5.4.1/armtools/bin/../lib/gcc/arm-atollic-eabi/4.8.3/../../../../arm-atollic-eabi/lib/armv7e-m/fpu\libc.a(lib_a-memcpy-stub.o)
                0x0800a4b4                memcpy
 .text.memmove  0x0800a4c6       0x36 c:/program files (x86)/atollic/truestudio for arm 5.4.1/armtools/bin/../lib/gcc/arm-atollic-eabi/4.8.3/../../../../arm-atollic-eabi/lib/armv7e-m/fpu\libc.a(lib_a-memmove.o)
                0x0800a4c6                memmove
 .text.memset   0x0800a4fc       0x10 c:/program files (x86)/atollic/truestudio for arm 5.4.1/armtools/bin/../lib/gcc/arm-atollic-eabi/4.8.3/../../../../arm-atollic-eabi/lib/armv7e-m/fpu\libc.a(lib_a-memset.o)
                0x0800a4fc                memset
 .text.__malloc_lock
                0x0800a50c        0x2 c:/program files (x86)/atollic/truestudio for arm 5.4.1/armtools/bin/../lib/gcc/arm-atollic-eabi/4.8.3/../../../../arm-atollic-eabi/lib/armv7e-m/fpu\libc.a(lib_a-mlock.o)
                0x0800a50c                __malloc_lock
 .text.__malloc_unlock
                0x0800a50e        0x2 c:/program files (x86)/atollic/truestudio for arm 5.4.1/armtools/bin/../lib/gcc/arm-atollic-eabi/4.8.3/../../../../arm-atollic-eabi/lib/armv7e-m/fpu\libc.a(lib_a-mlock.o)
                0x0800a50e                __malloc_unlock
 .text._putc_r  0x0800a510       0x78 c:/program files (x86)/atollic/truestudio for arm 5.4.1/armtools/bin/../lib/gcc/arm-atollic-eabi/4.8.3/../../../../arm-atollic-eabi/lib/armv7e-m/fpu\libc.a(lib_a-putc.o)
                0x0800a510                _putc_r
 .text.realloc  0x0800a588       0x14 c:/program files (x86)/atollic/truestudio for arm 5.4.1/armtools/bin/../lib/gcc/arm-atollic-eabi/4.8.3/../../../../arm-atollic-eabi/lib/armv7e-m/fpu\libc.a(lib_a-realloc.o)
                0x0800a588                realloc
 .text._realloc_r
                0x0800a59c      0x350 c:/program files (x86)/atollic/truestudio for arm 5.4.1/armtools/bin/../lib/gcc/arm-atollic-eabi/4.8.3/../../../../arm-atollic-eabi/lib/armv7e-m/fpu\libc.a(lib_a-reallocr.o)
                0x0800a59c                _realloc_r
 .text._sbrk_r  0x0800a8ec       0x20 c:/program files (x86)/atollic/truestudio for arm 5.4.1/armtools/bin/../lib/gcc/arm-atollic-eabi/4.8.3/../../../../arm-atollic-eabi/lib/armv7e-m/fpu\libc.a(lib_a-sbrkr.o)
                0x0800a8ec                _sbrk_r
 .text._raise_r
                0x0800a90c       0x50 c:/program files (x86)/atollic/truestudio for arm 5.4.1/armtools/bin/../lib/gcc/arm-atollic-eabi/4.8.3/../../../../arm-atollic-eabi/lib/armv7e-m/fpu\libc.a(lib_a-signal.o)
                0x0800a90c                _raise_r
 .text.raise    0x0800a95c       0x10 c:/program files (x86)/atollic/truestudio for arm 5.4.1/armtools/bin/../lib/gcc/arm-atollic-eabi/4.8.3/../../../../arm-atollic-eabi/lib/armv7e-m/fpu\libc.a(lib_a-signal.o)
                0x0800a95c                raise
 .text._kill_r  0x0800a96c       0x24 c:/program files (x86)/atollic/truestudio for arm 5.4.1/armtools/bin/../lib/gcc/arm-atollic-eabi/4.8.3/../../../../arm-atollic-eabi/lib/armv7e-m/fpu\libc.a(lib_a-signalr.o)
                0x0800a96c                _kill_r
 .text._getpid_r
                0x0800a990        0x4 c:/program files (x86)/atollic/truestudio for arm 5.4.1/armtools/bin/../lib/gcc/arm-atollic-eabi/4.8.3/../../../../arm-atollic-eabi/lib/armv7e-m/fpu\libc.a(lib_a-signalr.o)
                0x0800a990                _getpid_r
 .text.sprintf  0x0800a994       0x48 c:/program files (x86)/atollic/truestudio for arm 5.4.1/armtools/bin/../lib/gcc/arm-atollic-eabi/4.8.3/../../../../arm-atollic-eabi/lib/armv7e-m/fpu\libc.a(lib_a-sprintf.o)
                0x0800a994                sprintf
 .text.strlen   0x0800a9dc       0x10 c:/program files (x86)/atollic/truestudio for arm 5.4.1/armtools/bin/../lib/gcc/arm-atollic-eabi/4.8.3/../../../../arm-atollic-eabi/lib/armv7e-m/fpu\libc.a(lib_a-strlen.o)
                0x0800a9dc                strlen
 .text.strncmp  0x0800a9ec       0x2e c:/program files (x86)/atollic/truestudio for arm 5.4.1/armtools/bin/../lib/gcc/arm-atollic-eabi/4.8.3/../../../../arm-atollic-eabi/lib/armv7e-m/fpu\libc.a(lib_a-strncmp.o)
                0x0800a9ec                strncmp
 *fill*         0x0800aa1a        0x6 
 .text._svfprintf_r
                0x0800aa20      0xf40 c:/program files (x86)/atollic/truestudio for arm 5.4.1/armtools/bin/../lib/gcc/arm-atollic-eabi/4.8.3/../../../../arm-atollic-eabi/lib/armv7e-m/fpu\libc.a(lib_a-svfprintf.o)
                0x0800aa20                _svfprintf_r
 .text._getpid  0x0800b960        0x4 c:/program files (x86)/atollic/truestudio for arm 5.4.1/armtools/bin/../lib/gcc/arm-atollic-eabi/4.8.3/../../../../arm-atollic-eabi/lib/armv7e-m/fpu\libc.a(lib_a-syscalls.o)
                0x0800b960                _getpid
 .text._kill    0x0800b964       0x10 c:/program files (x86)/atollic/truestudio for arm 5.4.1/armtools/bin/../lib/gcc/arm-atollic-eabi/4.8.3/../../../../arm-atollic-eabi/lib/armv7e-m/fpu\libc.a(lib_a-syscalls.o)
                0x0800b964                _kill
 .text._exit    0x0800b974        0xc c:/program files (x86)/atollic/truestudio for arm 5.4.1/armtools/bin/../lib/gcc/arm-atollic-eabi/4.8.3/../../../../arm-atollic-eabi/lib/armv7e-m/fpu\libc.a(lib_a-syscalls.o)
                0x0800b974                _exit
 .text._write   0x0800b980        0x4 c:/program files (x86)/atollic/truestudio for arm 5.4.1/armtools/bin/../lib/gcc/arm-atollic-eabi/4.8.3/../../../../arm-atollic-eabi/lib/armv7e-m/fpu\libc.a(lib_a-syscalls.o)
                0x0800b980                _write
 .text._sbrk    0x0800b984       0x34 c:/program files (x86)/atollic/truestudio for arm 5.4.1/armtools/bin/../lib/gcc/arm-atollic-eabi/4.8.3/../../../../arm-atollic-eabi/lib/armv7e-m/fpu\libc.a(lib_a-syscalls.o)
                0x0800b984                _sbrk
 .text._close   0x0800b9b8        0x6 c:/program files (x86)/atollic/truestudio for arm 5.4.1/armtools/bin/../lib/gcc/arm-atollic-eabi/4.8.3/../../../../arm-atollic-eabi/lib/armv7e-m/fpu\libc.a(lib_a-syscalls.o)
                0x0800b9b8                _close
 .text._fstat   0x0800b9be        0xa c:/program files (x86)/atollic/truestudio for arm 5.4.1/armtools/bin/../lib/gcc/arm-atollic-eabi/4.8.3/../../../../arm-atollic-eabi/lib/armv7e-m/fpu\libc.a(lib_a-syscalls.o)
                0x0800b9be                _fstat
 .text._isatty  0x0800b9c8        0x4 c:/program files (x86)/atollic/truestudio for arm 5.4.1/armtools/bin/../lib/gcc/arm-atollic-eabi/4.8.3/../../../../arm-atollic-eabi/lib/armv7e-m/fpu\libc.a(lib_a-syscalls.o)
                0x0800b9c8                _isatty
 .text._lseek   0x0800b9cc        0x4 c:/program files (x86)/atollic/truestudio for arm 5.4.1/armtools/bin/../lib/gcc/arm-atollic-eabi/4.8.3/../../../../arm-atollic-eabi/lib/armv7e-m/fpu\libc.a(lib_a-syscalls.o)
                0x0800b9cc                _lseek
 .text._read    0x0800b9d0        0x4 c:/program files (x86)/atollic/truestudio for arm 5.4.1/armtools/bin/../lib/gcc/arm-atollic-eabi/4.8.3/../../../../arm-atollic-eabi/lib/armv7e-m/fpu\libc.a(lib_a-syscalls.o)
                0x0800b9d0                _read
 .text.__swbuf_r
                0x0800b9d4       0xbc c:/program files (x86)/atollic/truestudio for arm 5.4.1/armtools/bin/../lib/gcc/arm-atollic-eabi/4.8.3/../../../../arm-atollic-eabi/lib/armv7e-m/fpu\libc.a(lib_a-wbuf.o)
                0x0800b9d4                __swbuf_r
 .text._write_r
                0x0800ba90       0x24 c:/program files (x86)/atollic/truestudio for arm 5.4.1/armtools/bin/../lib/gcc/arm-atollic-eabi/4.8.3/../../../../arm-atollic-eabi/lib/armv7e-m/fpu\libc.a(lib_a-writer.o)
                0x0800ba90                _write_r
 .text.__swsetup_r
                0x0800bab4       0xdc c:/program files (x86)/atollic/truestudio for arm 5.4.1/armtools/bin/../lib/gcc/arm-atollic-eabi/4.8.3/../../../../arm-atollic-eabi/lib/armv7e-m/fpu\libc.a(lib_a-wsetup.o)
                0x0800bab4                __swsetup_r
 .text.quorem   0x0800bb90      0x11a c:/program files (x86)/atollic/truestudio for arm 5.4.1/armtools/bin/../lib/gcc/arm-atollic-eabi/4.8.3/../../../../arm-atollic-eabi/lib/armv7e-m/fpu\libc.a(lib_a-dtoa.o)
 *fill*         0x0800bcaa        0x6 
 .text._dtoa_r  0x0800bcb0      0xb70 c:/program files (x86)/atollic/truestudio for arm 5.4.1/armtools/bin/../lib/gcc/arm-atollic-eabi/4.8.3/../../../../arm-atollic-eabi/lib/armv7e-m/fpu\libc.a(lib_a-dtoa.o)
                0x0800bcb0                _dtoa_r
 .text.__sflush_r
                0x0800c820      0x118 c:/program files (x86)/atollic/truestudio for arm 5.4.1/armtools/bin/../lib/gcc/arm-atollic-eabi/4.8.3/../../../../arm-atollic-eabi/lib/armv7e-m/fpu\libc.a(lib_a-fflush.o)
                0x0800c820                __sflush_r
 .text._fflush_r
                0x0800c938       0x54 c:/program files (x86)/atollic/truestudio for arm 5.4.1/armtools/bin/../lib/gcc/arm-atollic-eabi/4.8.3/../../../../arm-atollic-eabi/lib/armv7e-m/fpu\libc.a(lib_a-fflush.o)
                0x0800c938                _fflush_r
 .text._cleanup_r
                0x0800c98c        0xc c:/program files (x86)/atollic/truestudio for arm 5.4.1/armtools/bin/../lib/gcc/arm-atollic-eabi/4.8.3/../../../../arm-atollic-eabi/lib/armv7e-m/fpu\libc.a(lib_a-findfp.o)
                0x0800c98c                _cleanup_r
 .text.__sfmoreglue
                0x0800c998       0x2c c:/program files (x86)/atollic/truestudio for arm 5.4.1/armtools/bin/../lib/gcc/arm-atollic-eabi/4.8.3/../../../../arm-atollic-eabi/lib/armv7e-m/fpu\libc.a(lib_a-findfp.o)
                0x0800c998                __sfmoreglue
 .text.__sinit  0x0800c9c4      0x10c c:/program files (x86)/atollic/truestudio for arm 5.4.1/armtools/bin/../lib/gcc/arm-atollic-eabi/4.8.3/../../../../arm-atollic-eabi/lib/armv7e-m/fpu\libc.a(lib_a-findfp.o)
                0x0800c9c4                __sinit
 .text.__sfp    0x0800cad0       0x74 c:/program files (x86)/atollic/truestudio for arm 5.4.1/armtools/bin/../lib/gcc/arm-atollic-eabi/4.8.3/../../../../arm-atollic-eabi/lib/armv7e-m/fpu\libc.a(lib_a-findfp.o)
                0x0800cad0                __sfp
 .text.__sfp_lock_acquire
                0x0800cb44        0x2 c:/program files (x86)/atollic/truestudio for arm 5.4.1/armtools/bin/../lib/gcc/arm-atollic-eabi/4.8.3/../../../../arm-atollic-eabi/lib/armv7e-m/fpu\libc.a(lib_a-findfp.o)
                0x0800cb44                __sfp_lock_acquire
 .text.__sfp_lock_release
                0x0800cb46        0x2 c:/program files (x86)/atollic/truestudio for arm 5.4.1/armtools/bin/../lib/gcc/arm-atollic-eabi/4.8.3/../../../../arm-atollic-eabi/lib/armv7e-m/fpu\libc.a(lib_a-findfp.o)
                0x0800cb46                __sfp_lock_release
 .text._malloc_trim_r
                0x0800cb48       0xa8 c:/program files (x86)/atollic/truestudio for arm 5.4.1/armtools/bin/../lib/gcc/arm-atollic-eabi/4.8.3/../../../../arm-atollic-eabi/lib/armv7e-m/fpu\libc.a(lib_a-freer.o)
                0x0800cb48                _malloc_trim_r
 .text._free_r  0x0800cbf0      0x170 c:/program files (x86)/atollic/truestudio for arm 5.4.1/armtools/bin/../lib/gcc/arm-atollic-eabi/4.8.3/../../../../arm-atollic-eabi/lib/armv7e-m/fpu\libc.a(lib_a-freer.o)
                0x0800cbf0                _free_r
 .text._fwalk   0x0800cd60       0x38 c:/program files (x86)/atollic/truestudio for arm 5.4.1/armtools/bin/../lib/gcc/arm-atollic-eabi/4.8.3/../../../../arm-atollic-eabi/lib/armv7e-m/fpu\libc.a(lib_a-fwalk.o)
                0x0800cd60                _fwalk
 .text._localeconv_r
                0x0800cd98        0x8 c:/program files (x86)/atollic/truestudio for arm 5.4.1/armtools/bin/../lib/gcc/arm-atollic-eabi/4.8.3/../../../../arm-atollic-eabi/lib/armv7e-m/fpu\libc.a(lib_a-locale.o)
                0x0800cd98                _localeconv_r
 .text.__smakebuf_r
                0x0800cda0       0xc8 c:/program files (x86)/atollic/truestudio for arm 5.4.1/armtools/bin/../lib/gcc/arm-atollic-eabi/4.8.3/../../../../arm-atollic-eabi/lib/armv7e-m/fpu\libc.a(lib_a-makebuf.o)
                0x0800cda0                __smakebuf_r
 .text._Balloc  0x0800ce68       0x6a c:/program files (x86)/atollic/truestudio for arm 5.4.1/armtools/bin/../lib/gcc/arm-atollic-eabi/4.8.3/../../../../arm-atollic-eabi/lib/armv7e-m/fpu\libc.a(lib_a-mprec.o)
                0x0800ce68                _Balloc
 .text._Bfree   0x0800ced2       0x2e c:/program files (x86)/atollic/truestudio for arm 5.4.1/armtools/bin/../lib/gcc/arm-atollic-eabi/4.8.3/../../../../arm-atollic-eabi/lib/armv7e-m/fpu\libc.a(lib_a-mprec.o)
                0x0800ced2                _Bfree
 .text.__multadd
                0x0800cf00       0x74 c:/program files (x86)/atollic/truestudio for arm 5.4.1/armtools/bin/../lib/gcc/arm-atollic-eabi/4.8.3/../../../../arm-atollic-eabi/lib/armv7e-m/fpu\libc.a(lib_a-mprec.o)
                0x0800cf00                __multadd
 .text.__hi0bits
                0x0800cf74       0x40 c:/program files (x86)/atollic/truestudio for arm 5.4.1/armtools/bin/../lib/gcc/arm-atollic-eabi/4.8.3/../../../../arm-atollic-eabi/lib/armv7e-m/fpu\libc.a(lib_a-mprec.o)
                0x0800cf74                __hi0bits
 .text.__lo0bits
                0x0800cfb4       0x5a c:/program files (x86)/atollic/truestudio for arm 5.4.1/armtools/bin/../lib/gcc/arm-atollic-eabi/4.8.3/../../../../arm-atollic-eabi/lib/armv7e-m/fpu\libc.a(lib_a-mprec.o)
                0x0800cfb4                __lo0bits
 .text.__i2b    0x0800d00e       0x12 c:/program files (x86)/atollic/truestudio for arm 5.4.1/armtools/bin/../lib/gcc/arm-atollic-eabi/4.8.3/../../../../arm-atollic-eabi/lib/armv7e-m/fpu\libc.a(lib_a-mprec.o)
                0x0800d00e                __i2b
 .text.__multiply
                0x0800d020      0x130 c:/program files (x86)/atollic/truestudio for arm 5.4.1/armtools/bin/../lib/gcc/arm-atollic-eabi/4.8.3/../../../../arm-atollic-eabi/lib/armv7e-m/fpu\libc.a(lib_a-mprec.o)
                0x0800d020                __multiply
 .text.__pow5mult
                0x0800d150       0x9c c:/program files (x86)/atollic/truestudio for arm 5.4.1/armtools/bin/../lib/gcc/arm-atollic-eabi/4.8.3/../../../../arm-atollic-eabi/lib/armv7e-m/fpu\libc.a(lib_a-mprec.o)
                0x0800d150                __pow5mult
 .text.__lshift
                0x0800d1ec       0xa6 c:/program files (x86)/atollic/truestudio for arm 5.4.1/armtools/bin/../lib/gcc/arm-atollic-eabi/4.8.3/../../../../arm-atollic-eabi/lib/armv7e-m/fpu\libc.a(lib_a-mprec.o)
                0x0800d1ec                __lshift
 .text.__mcmp   0x0800d292       0x3a c:/program files (x86)/atollic/truestudio for arm 5.4.1/armtools/bin/../lib/gcc/arm-atollic-eabi/4.8.3/../../../../arm-atollic-eabi/lib/armv7e-m/fpu\libc.a(lib_a-mprec.o)
                0x0800d292                __mcmp
 .text.__mdiff  0x0800d2cc       0xbc c:/program files (x86)/atollic/truestudio for arm 5.4.1/armtools/bin/../lib/gcc/arm-atollic-eabi/4.8.3/../../../../arm-atollic-eabi/lib/armv7e-m/fpu\libc.a(lib_a-mprec.o)
                0x0800d2cc                __mdiff
 .text.__d2b    0x0800d388       0xa0 c:/program files (x86)/atollic/truestudio for arm 5.4.1/armtools/bin/../lib/gcc/arm-atollic-eabi/4.8.3/../../../../arm-atollic-eabi/lib/armv7e-m/fpu\libc.a(lib_a-mprec.o)
                0x0800d388                __d2b
 .text.__fpclassifyd
                0x0800d428       0x48 c:/program files (x86)/atollic/truestudio for arm 5.4.1/armtools/bin/../lib/gcc/arm-atollic-eabi/4.8.3/../../../../arm-atollic-eabi/lib/armv7e-m/fpu\libc.a(lib_a-s_fpclassify.o)
                0x0800d428                __fpclassifyd
 .text.__sread  0x0800d470       0x22 c:/program files (x86)/atollic/truestudio for arm 5.4.1/armtools/bin/../lib/gcc/arm-atollic-eabi/4.8.3/../../../../arm-atollic-eabi/lib/armv7e-m/fpu\libc.a(lib_a-stdio.o)
                0x0800d470                __sread
 .text.__swrite
                0x0800d492       0x38 c:/program files (x86)/atollic/truestudio for arm 5.4.1/armtools/bin/../lib/gcc/arm-atollic-eabi/4.8.3/../../../../arm-atollic-eabi/lib/armv7e-m/fpu\libc.a(lib_a-stdio.o)
                0x0800d492                __swrite
 .text.__sseek  0x0800d4ca       0x24 c:/program files (x86)/atollic/truestudio for arm 5.4.1/armtools/bin/../lib/gcc/arm-atollic-eabi/4.8.3/../../../../arm-atollic-eabi/lib/armv7e-m/fpu\libc.a(lib_a-stdio.o)
                0x0800d4ca                __sseek
 .text.__sclose
                0x0800d4ee        0x8 c:/program files (x86)/atollic/truestudio for arm 5.4.1/armtools/bin/../lib/gcc/arm-atollic-eabi/4.8.3/../../../../arm-atollic-eabi/lib/armv7e-m/fpu\libc.a(lib_a-stdio.o)
                0x0800d4ee                __sclose
 .text.__ssprint_r
                0x0800d4f6       0xf2 c:/program files (x86)/atollic/truestudio for arm 5.4.1/armtools/bin/../lib/gcc/arm-atollic-eabi/4.8.3/../../../../arm-atollic-eabi/lib/armv7e-m/fpu\libc.a(lib_a-svfiprintf.o)
                0x0800d4f6                __ssprint_r
 .text._calloc_r
                0x0800d5e8       0x5a c:/program files (x86)/atollic/truestudio for arm 5.4.1/armtools/bin/../lib/gcc/arm-atollic-eabi/4.8.3/../../../../arm-atollic-eabi/lib/armv7e-m/fpu\libc.a(lib_a-callocr.o)
                0x0800d5e8                _calloc_r
 *fill*         0x0800d642        0x2 
 .text._close_r
                0x0800d644       0x20 c:/program files (x86)/atollic/truestudio for arm 5.4.1/armtools/bin/../lib/gcc/arm-atollic-eabi/4.8.3/../../../../arm-atollic-eabi/lib/armv7e-m/fpu\libc.a(lib_a-closer.o)
                0x0800d644                _close_r
 .text._fclose_r
                0x0800d664       0xa4 c:/program files (x86)/atollic/truestudio for arm 5.4.1/armtools/bin/../lib/gcc/arm-atollic-eabi/4.8.3/../../../../arm-atollic-eabi/lib/armv7e-m/fpu\libc.a(lib_a-fclose.o)
                0x0800d664                _fclose_r
 .text.fclose   0x0800d708       0x10 c:/program files (x86)/atollic/truestudio for arm 5.4.1/armtools/bin/../lib/gcc/arm-atollic-eabi/4.8.3/../../../../arm-atollic-eabi/lib/armv7e-m/fpu\libc.a(lib_a-fclose.o)
                0x0800d708                fclose
 .text._fstat_r
                0x0800d718       0x24 c:/program files (x86)/atollic/truestudio for arm 5.4.1/armtools/bin/../lib/gcc/arm-atollic-eabi/4.8.3/../../../../arm-atollic-eabi/lib/armv7e-m/fpu\libc.a(lib_a-fstatr.o)
                0x0800d718                _fstat_r
 .text._isatty_r
                0x0800d73c       0x20 c:/program files (x86)/atollic/truestudio for arm 5.4.1/armtools/bin/../lib/gcc/arm-atollic-eabi/4.8.3/../../../../arm-atollic-eabi/lib/armv7e-m/fpu\libc.a(lib_a-isattyr.o)
                0x0800d73c                _isatty_r
 .text._lseek_r
                0x0800d75c       0x24 c:/program files (x86)/atollic/truestudio for arm 5.4.1/armtools/bin/../lib/gcc/arm-atollic-eabi/4.8.3/../../../../arm-atollic-eabi/lib/armv7e-m/fpu\libc.a(lib_a-lseekr.o)
                0x0800d75c                _lseek_r
 .text._read_r  0x0800d780       0x24 c:/program files (x86)/atollic/truestudio for arm 5.4.1/armtools/bin/../lib/gcc/arm-atollic-eabi/4.8.3/../../../../arm-atollic-eabi/lib/armv7e-m/fpu\libc.a(lib_a-readr.o)
                0x0800d780                _read_r
 *(.glue_7)
 .glue_7        0x00000000        0x0 linker stubs
 *(.glue_7t)
 .glue_7t       0x00000000        0x0 linker stubs
 *(.eh_frame)
 .eh_frame      0x0800d7a4        0x0 c:/program files (x86)/atollic/truestudio for arm 5.4.1/armtools/bin/../lib/gcc/arm-atollic-eabi/4.8.3/armv7e-m/fpu/crtbegin.o
 *(.init)
 .init          0x0800d7a4        0x4 c:/program files (x86)/atollic/truestudio for arm 5.4.1/armtools/bin/../lib/gcc/arm-atollic-eabi/4.8.3/armv7e-m/fpu/crti.o
                0x0800d7a4                _init
 .init          0x0800d7a8        0x8 c:/program files (x86)/atollic/truestudio for arm 5.4.1/armtools/bin/../lib/gcc/arm-atollic-eabi/4.8.3/armv7e-m/fpu/crtn.o
 *(.fini)
 .fini          0x0800d7b0        0x4 c:/program files (x86)/atollic/truestudio for arm 5.4.1/armtools/bin/../lib/gcc/arm-atollic-eabi/4.8.3/armv7e-m/fpu/crti.o
                0x0800d7b0                _fini
 .fini          0x0800d7b4        0x8 c:/program files (x86)/atollic/truestudio for arm 5.4.1/armtools/bin/../lib/gcc/arm-atollic-eabi/4.8.3/armv7e-m/fpu/crtn.o
                0x0800d7bc                . = ALIGN (0x4)
                0x0800d7bc                _etext = .

.vfp11_veneer   0x0800d7bc        0x0
 .vfp11_veneer  0x00000000        0x0 linker stubs

.v4_bx          0x0800d7bc        0x0
 .v4_bx         0x00000000        0x0 linker stubs

.iplt           0x0800d7bc        0x0
 .iplt          0x00000000        0x0 c:/program files (x86)/atollic/truestudio for arm 5.4.1/armtools/bin/../lib/gcc/arm-atollic-eabi/4.8.3/armv7e-m/fpu/crtbegin.o

.rodata         0x0800d7c0     0x13dc
                0x0800d7c0                . = ALIGN (0x4)
 *(.rodata)
 .rodata        0x0800d7c0        0x8 src\main.o
 .rodata        0x0800d7c8      0x738 c:/program files (x86)/atollic/truestudio for arm 5.4.1/armtools/bin/../lib/gcc/arm-atollic-eabi/4.8.3/../../../../arm-atollic-eabi/lib/armv7e-m/fpu\libstdc++.a(cp-demangle.o)
 *(.rodata*)
 .rodata.GPIO_PIN
                0x0800df00        0x8 Utilities\STM32F4-Discovery\stm32f4_discovery.o
                0x0800df00                GPIO_PIN
 .rodata.GPIO_CLK
                0x0800df08       0x10 Utilities\STM32F4-Discovery\stm32f4_discovery.o
                0x0800df08                GPIO_CLK
 .rodata._ZTVSt9bad_alloc
                0x0800df18       0x18 c:/program files (x86)/atollic/truestudio for arm 5.4.1/armtools/bin/../lib/gcc/arm-atollic-eabi/4.8.3/../../../../arm-atollic-eabi/lib/armv7e-m/fpu\libstdc++.a(bad_alloc.o)
                0x0800df18                vtable for std::bad_alloc
 .rodata._ZTISt9bad_alloc
                0x0800df30        0xc c:/program files (x86)/atollic/truestudio for arm 5.4.1/armtools/bin/../lib/gcc/arm-atollic-eabi/4.8.3/../../../../arm-atollic-eabi/lib/armv7e-m/fpu\libstdc++.a(bad_alloc.o)
                0x0800df30                typeinfo for std::bad_alloc
 .rodata.str1.4
                0x0800df3c        0xf c:/program files (x86)/atollic/truestudio for arm 5.4.1/armtools/bin/../lib/gcc/arm-atollic-eabi/4.8.3/../../../../arm-atollic-eabi/lib/armv7e-m/fpu\libstdc++.a(bad_alloc.o)
                                 0x10 (size before relaxing)
 *fill*         0x0800df4b        0x1 
 .rodata._ZTSSt9bad_alloc
                0x0800df4c       0x10 c:/program files (x86)/atollic/truestudio for arm 5.4.1/armtools/bin/../lib/gcc/arm-atollic-eabi/4.8.3/../../../../arm-atollic-eabi/lib/armv7e-m/fpu\libstdc++.a(bad_alloc.o)
                0x0800df4c                typeinfo name for std::bad_alloc
 *fill*         0x0800df5c        0x4 
 .rodata._ZTVSt9exception
                0x0800df60       0x18 c:/program files (x86)/atollic/truestudio for arm 5.4.1/armtools/bin/../lib/gcc/arm-atollic-eabi/4.8.3/../../../../arm-atollic-eabi/lib/armv7e-m/fpu\libstdc++.a(eh_exception.o)
                0x0800df60                vtable for std::exception
 .rodata._ZTIN10__cxxabiv115__forced_unwindE
                0x0800df78        0x8 c:/program files (x86)/atollic/truestudio for arm 5.4.1/armtools/bin/../lib/gcc/arm-atollic-eabi/4.8.3/../../../../arm-atollic-eabi/lib/armv7e-m/fpu\libstdc++.a(eh_exception.o)
                0x0800df78                typeinfo for __cxxabiv1::__forced_unwind
 .rodata._ZTISt9exception
                0x0800df80        0x8 c:/program files (x86)/atollic/truestudio for arm 5.4.1/armtools/bin/../lib/gcc/arm-atollic-eabi/4.8.3/../../../../arm-atollic-eabi/lib/armv7e-m/fpu\libstdc++.a(eh_exception.o)
                0x0800df80                typeinfo for std::exception
 .rodata._ZTSSt13bad_exception
                0x0800df88       0x14 c:/program files (x86)/atollic/truestudio for arm 5.4.1/armtools/bin/../lib/gcc/arm-atollic-eabi/4.8.3/../../../../arm-atollic-eabi/lib/armv7e-m/fpu\libstdc++.a(eh_exception.o)
                0x0800df88                typeinfo name for std::bad_exception
 .rodata.str1.4
                0x0800df9c       0x23 c:/program files (x86)/atollic/truestudio for arm 5.4.1/armtools/bin/../lib/gcc/arm-atollic-eabi/4.8.3/../../../../arm-atollic-eabi/lib/armv7e-m/fpu\libstdc++.a(eh_exception.o)
                                 0x24 (size before relaxing)
 *fill*         0x0800dfbf        0x1 
 .rodata._ZTSN10__cxxabiv119__foreign_exceptionE
                0x0800dfc0       0x24 c:/program files (x86)/atollic/truestudio for arm 5.4.1/armtools/bin/../lib/gcc/arm-atollic-eabi/4.8.3/../../../../arm-atollic-eabi/lib/armv7e-m/fpu\libstdc++.a(eh_exception.o)
                0x0800dfc0                typeinfo name for __cxxabiv1::__foreign_exception
 .rodata._ZTIN10__cxxabiv119__foreign_exceptionE
                0x0800dfe4        0x8 c:/program files (x86)/atollic/truestudio for arm 5.4.1/armtools/bin/../lib/gcc/arm-atollic-eabi/4.8.3/../../../../arm-atollic-eabi/lib/armv7e-m/fpu\libstdc++.a(eh_exception.o)
                0x0800dfe4                typeinfo for __cxxabiv1::__foreign_exception
 *fill*         0x0800dfec        0x4 
 .rodata._ZTVSt13bad_exception
                0x0800dff0       0x18 c:/program files (x86)/atollic/truestudio for arm 5.4.1/armtools/bin/../lib/gcc/arm-atollic-eabi/4.8.3/../../../../arm-atollic-eabi/lib/armv7e-m/fpu\libstdc++.a(eh_exception.o)
                0x0800dff0                vtable for std::bad_exception
 .rodata._ZTSSt9exception
                0x0800e008       0x10 c:/program files (x86)/atollic/truestudio for arm 5.4.1/armtools/bin/../lib/gcc/arm-atollic-eabi/4.8.3/../../../../arm-atollic-eabi/lib/armv7e-m/fpu\libstdc++.a(eh_exception.o)
                0x0800e008                typeinfo name for std::exception
 .rodata._ZTSN10__cxxabiv115__forced_unwindE
                0x0800e018       0x20 c:/program files (x86)/atollic/truestudio for arm 5.4.1/armtools/bin/../lib/gcc/arm-atollic-eabi/4.8.3/../../../../arm-atollic-eabi/lib/armv7e-m/fpu\libstdc++.a(eh_exception.o)
                0x0800e018                typeinfo name for __cxxabiv1::__forced_unwind
 .rodata._ZTISt13bad_exception
                0x0800e038        0xc c:/program files (x86)/atollic/truestudio for arm 5.4.1/armtools/bin/../lib/gcc/arm-atollic-eabi/4.8.3/../../../../arm-atollic-eabi/lib/armv7e-m/fpu\libstdc++.a(eh_exception.o)
                0x0800e038                typeinfo for std::bad_exception
 *fill*         0x0800e044        0x4 
 .rodata._ZTVN10__cxxabiv120__si_class_type_infoE
                0x0800e048       0x30 c:/program files (x86)/atollic/truestudio for arm 5.4.1/armtools/bin/../lib/gcc/arm-atollic-eabi/4.8.3/../../../../arm-atollic-eabi/lib/armv7e-m/fpu\libstdc++.a(si_class_type_info.o)
                0x0800e048                vtable for __cxxabiv1::__si_class_type_info
 .rodata._ZTIN10__cxxabiv120__si_class_type_infoE
                0x0800e078        0xc c:/program files (x86)/atollic/truestudio for arm 5.4.1/armtools/bin/../lib/gcc/arm-atollic-eabi/4.8.3/../../../../arm-atollic-eabi/lib/armv7e-m/fpu\libstdc++.a(si_class_type_info.o)
                0x0800e078                typeinfo for __cxxabiv1::__si_class_type_info
 .rodata._ZTSN10__cxxabiv120__si_class_type_infoE
                0x0800e084       0x28 c:/program files (x86)/atollic/truestudio for arm 5.4.1/armtools/bin/../lib/gcc/arm-atollic-eabi/4.8.3/../../../../arm-atollic-eabi/lib/armv7e-m/fpu\libstdc++.a(si_class_type_info.o)
                0x0800e084                typeinfo name for __cxxabiv1::__si_class_type_info
 .rodata.str1.4
                0x0800e0ac       0x94 c:/program files (x86)/atollic/truestudio for arm 5.4.1/armtools/bin/../lib/gcc/arm-atollic-eabi/4.8.3/../../../../arm-atollic-eabi/lib/armv7e-m/fpu\libstdc++.a(vterminate.o)
 .rodata._ZTVN10__cxxabiv117__class_type_infoE
                0x0800e140       0x30 c:/program files (x86)/atollic/truestudio for arm 5.4.1/armtools/bin/../lib/gcc/arm-atollic-eabi/4.8.3/../../../../arm-atollic-eabi/lib/armv7e-m/fpu\libstdc++.a(class_type_info.o)
                0x0800e140                vtable for __cxxabiv1::__class_type_info
 .rodata._ZTIN10__cxxabiv117__class_type_infoE
                0x0800e170        0xc c:/program files (x86)/atollic/truestudio for arm 5.4.1/armtools/bin/../lib/gcc/arm-atollic-eabi/4.8.3/../../../../arm-atollic-eabi/lib/armv7e-m/fpu\libstdc++.a(class_type_info.o)
                0x0800e170                typeinfo for __cxxabiv1::__class_type_info
 .rodata._ZTSN10__cxxabiv117__class_type_infoE
                0x0800e17c       0x24 c:/program files (x86)/atollic/truestudio for arm 5.4.1/armtools/bin/../lib/gcc/arm-atollic-eabi/4.8.3/../../../../arm-atollic-eabi/lib/armv7e-m/fpu\libstdc++.a(class_type_info.o)
                0x0800e17c                typeinfo name for __cxxabiv1::__class_type_info
 .rodata._ZTISt9type_info
                0x0800e1a0        0x8 c:/program files (x86)/atollic/truestudio for arm 5.4.1/armtools/bin/../lib/gcc/arm-atollic-eabi/4.8.3/../../../../arm-atollic-eabi/lib/armv7e-m/fpu\libstdc++.a(tinfo.o)
                0x0800e1a0                typeinfo for std::type_info
 .rodata._ZTSSt9type_info
                0x0800e1a8       0x10 c:/program files (x86)/atollic/truestudio for arm 5.4.1/armtools/bin/../lib/gcc/arm-atollic-eabi/4.8.3/../../../../arm-atollic-eabi/lib/armv7e-m/fpu\libstdc++.a(tinfo.o)
                0x0800e1a8                typeinfo name for std::type_info
 .rodata._ZTVSt9type_info
                0x0800e1b8       0x20 c:/program files (x86)/atollic/truestudio for arm 5.4.1/armtools/bin/../lib/gcc/arm-atollic-eabi/4.8.3/../../../../arm-atollic-eabi/lib/armv7e-m/fpu\libstdc++.a(tinfo.o)
                0x0800e1b8                vtable for std::type_info
 .rodata.str1.4
                0x0800e1d8      0x7f4 c:/program files (x86)/atollic/truestudio for arm 5.4.1/armtools/bin/../lib/gcc/arm-atollic-eabi/4.8.3/../../../../arm-atollic-eabi/lib/armv7e-m/fpu\libstdc++.a(cp-demangle.o)
                                0x840 (size before relaxing)
 .rodata.str1.1
                0x0800e9cc        0x2 c:/program files (x86)/atollic/truestudio for arm 5.4.1/armtools/bin/../lib/gcc/arm-atollic-eabi/4.8.3/../../../../arm-atollic-eabi/lib/armv7e-m/fpu\libc.a(lib_a-impure.o)
 *fill*         0x0800e9ce        0x2 
 .rodata._global_impure_ptr
                0x0800e9d0        0x4 c:/program files (x86)/atollic/truestudio for arm 5.4.1/armtools/bin/../lib/gcc/arm-atollic-eabi/4.8.3/../../../../arm-atollic-eabi/lib/armv7e-m/fpu\libc.a(lib_a-impure.o)
                0x0800e9d0                _global_impure_ptr
 .rodata.zeroes.6768
                0x0800e9d4       0x10 c:/program files (x86)/atollic/truestudio for arm 5.4.1/armtools/bin/../lib/gcc/arm-atollic-eabi/4.8.3/../../../../arm-atollic-eabi/lib/armv7e-m/fpu\libc.a(lib_a-svfprintf.o)
 .rodata.str1.1
                0x0800e9e4       0x34 c:/program files (x86)/atollic/truestudio for arm 5.4.1/armtools/bin/../lib/gcc/arm-atollic-eabi/4.8.3/../../../../arm-atollic-eabi/lib/armv7e-m/fpu\libc.a(lib_a-svfprintf.o)
 .rodata.blanks.6767
                0x0800ea18       0x10 c:/program files (x86)/atollic/truestudio for arm 5.4.1/armtools/bin/../lib/gcc/arm-atollic-eabi/4.8.3/../../../../arm-atollic-eabi/lib/armv7e-m/fpu\libc.a(lib_a-svfprintf.o)
 .rodata.str1.1
                0x0800ea28        0xd c:/program files (x86)/atollic/truestudio for arm 5.4.1/armtools/bin/../lib/gcc/arm-atollic-eabi/4.8.3/../../../../arm-atollic-eabi/lib/armv7e-m/fpu\libc.a(lib_a-dtoa.o)
                                  0xf (size before relaxing)
 *fill*         0x0800ea35        0x3 
 .rodata.__sf_fake_stdin
                0x0800ea38       0x20 c:/program files (x86)/atollic/truestudio for arm 5.4.1/armtools/bin/../lib/gcc/arm-atollic-eabi/4.8.3/../../../../arm-atollic-eabi/lib/armv7e-m/fpu\libc.a(lib_a-findfp.o)
                0x0800ea38                __sf_fake_stdin
 .rodata.__sf_fake_stdout
                0x0800ea58       0x20 c:/program files (x86)/atollic/truestudio for arm 5.4.1/armtools/bin/../lib/gcc/arm-atollic-eabi/4.8.3/../../../../arm-atollic-eabi/lib/armv7e-m/fpu\libc.a(lib_a-findfp.o)
                0x0800ea58                __sf_fake_stdout
 .rodata.__sf_fake_stderr
                0x0800ea78       0x20 c:/program files (x86)/atollic/truestudio for arm 5.4.1/armtools/bin/../lib/gcc/arm-atollic-eabi/4.8.3/../../../../arm-atollic-eabi/lib/armv7e-m/fpu\libc.a(lib_a-findfp.o)
                0x0800ea78                __sf_fake_stderr
 .rodata.str1.1
                0x0800ea98        0x8 c:/program files (x86)/atollic/truestudio for arm 5.4.1/armtools/bin/../lib/gcc/arm-atollic-eabi/4.8.3/../../../../arm-atollic-eabi/lib/armv7e-m/fpu\libc.a(lib_a-locale.o)
                                  0xb (size before relaxing)
 .rodata.__mprec_tens
                0x0800eaa0       0xc8 c:/program files (x86)/atollic/truestudio for arm 5.4.1/armtools/bin/../lib/gcc/arm-atollic-eabi/4.8.3/../../../../arm-atollic-eabi/lib/armv7e-m/fpu\libc.a(lib_a-mprec.o)
                0x0800eaa0                __mprec_tens
 .rodata.__mprec_bigtens
                0x0800eb68       0x28 c:/program files (x86)/atollic/truestudio for arm 5.4.1/armtools/bin/../lib/gcc/arm-atollic-eabi/4.8.3/../../../../arm-atollic-eabi/lib/armv7e-m/fpu\libc.a(lib_a-mprec.o)
                0x0800eb68                __mprec_bigtens
 .rodata.p05.5279
                0x0800eb90        0xc c:/program files (x86)/atollic/truestudio for arm 5.4.1/armtools/bin/../lib/gcc/arm-atollic-eabi/4.8.3/../../../../arm-atollic-eabi/lib/armv7e-m/fpu\libc.a(lib_a-mprec.o)
                0x0800eb9c                . = ALIGN (0x4)

.ARM.extab      0x0800eb9c      0x130
 *(.ARM.extab* .gnu.linkonce.armextab.*)
 .ARM.extab.text._Znwj
                0x0800eb9c       0x20 c:/program files (x86)/atollic/truestudio for arm 5.4.1/armtools/bin/../lib/gcc/arm-atollic-eabi/4.8.3/../../../../arm-atollic-eabi/lib/armv7e-m/fpu\libstdc++.a(new_op.o)
 .ARM.extab.text.__cxa_call_unexpected
                0x0800ebbc       0x28 c:/program files (x86)/atollic/truestudio for arm 5.4.1/armtools/bin/../lib/gcc/arm-atollic-eabi/4.8.3/../../../../arm-atollic-eabi/lib/armv7e-m/fpu\libstdc++.a(eh_call.o)
 .ARM.extab.text._ZL21base_of_encoded_valuehP15_Unwind_Context
                0x0800ebe4        0xc c:/program files (x86)/atollic/truestudio for arm 5.4.1/armtools/bin/../lib/gcc/arm-atollic-eabi/4.8.3/../../../../arm-atollic-eabi/lib/armv7e-m/fpu\libstdc++.a(eh_personality.o)
 .ARM.extab.text.__gxx_personality_v0
                0x0800ebf0       0x20 c:/program files (x86)/atollic/truestudio for arm 5.4.1/armtools/bin/../lib/gcc/arm-atollic-eabi/4.8.3/../../../../arm-atollic-eabi/lib/armv7e-m/fpu\libstdc++.a(eh_personality.o)
 .ARM.extab.text.__cxa_begin_catch
                0x0800ec10       0x20 c:/program files (x86)/atollic/truestudio for arm 5.4.1/armtools/bin/../lib/gcc/arm-atollic-eabi/4.8.3/../../../../arm-atollic-eabi/lib/armv7e-m/fpu\libstdc++.a(eh_catch.o)
 .ARM.extab.text._ZN10__cxxabiv111__terminateEPFvvE
                0x0800ec30       0x2c c:/program files (x86)/atollic/truestudio for arm 5.4.1/armtools/bin/../lib/gcc/arm-atollic-eabi/4.8.3/../../../../arm-atollic-eabi/lib/armv7e-m/fpu\libstdc++.a(eh_terminate.o)
 .ARM.extab.text._ZN10__cxxabiv112__unexpectedEPFvvE
                0x0800ec5c        0xc c:/program files (x86)/atollic/truestudio for arm 5.4.1/armtools/bin/../lib/gcc/arm-atollic-eabi/4.8.3/../../../../arm-atollic-eabi/lib/armv7e-m/fpu\libstdc++.a(eh_terminate.o)
 .ARM.extab.text._ZSt10unexpectedv
                0x0800ec68        0xc c:/program files (x86)/atollic/truestudio for arm 5.4.1/armtools/bin/../lib/gcc/arm-atollic-eabi/4.8.3/../../../../arm-atollic-eabi/lib/armv7e-m/fpu\libstdc++.a(eh_terminate.o)
 .ARM.extab.text._ZN9__gnu_cxx27__verbose_terminate_handlerEv
                0x0800ec74       0x34 c:/program files (x86)/atollic/truestudio for arm 5.4.1/armtools/bin/../lib/gcc/arm-atollic-eabi/4.8.3/../../../../arm-atollic-eabi/lib/armv7e-m/fpu\libstdc++.a(vterminate.o)
 .ARM.extab     0x0800eca8        0xc c:/program files (x86)/atollic/truestudio for arm 5.4.1/armtools/bin/../lib/gcc/arm-atollic-eabi/4.8.3/armv7e-m/fpu\libgcc.a(unwind-arm.o)
 .ARM.extab     0x0800ecb4       0x18 c:/program files (x86)/atollic/truestudio for arm 5.4.1/armtools/bin/../lib/gcc/arm-atollic-eabi/4.8.3/armv7e-m/fpu\libgcc.a(pr-support.o)

.ARM            0x0800eccc      0x1d8
                0x0800eccc                __exidx_start = .
 *(.ARM.exidx*)
 .ARM.exidx.text._Znwj
                0x0800ed94       0x10 c:/program files (x86)/atollic/truestudio for arm 5.4.1/armtools/bin/../lib/gcc/arm-atollic-eabi/4.8.3/../../../../arm-atollic-eabi/lib/armv7e-m/fpu\libstdc++.a(new_op.o)
                                  0x8 (size before relaxing)
 .ARM.exidx.text.__cxa_type_match
                0x0800eda4        0x8 c:/program files (x86)/atollic/truestudio for arm 5.4.1/armtools/bin/../lib/gcc/arm-atollic-eabi/4.8.3/../../../../arm-atollic-eabi/lib/armv7e-m/fpu\libstdc++.a(eh_arm.o)
 .ARM.exidx.text.__cxa_begin_cleanup
                0x0800edac        0x8 c:/program files (x86)/atollic/truestudio for arm 5.4.1/armtools/bin/../lib/gcc/arm-atollic-eabi/4.8.3/../../../../arm-atollic-eabi/lib/armv7e-m/fpu\libstdc++.a(eh_arm.o)
 .ARM.exidx.text.__gnu_end_cleanup
                0x0800edb4        0x0 c:/program files (x86)/atollic/truestudio for arm 5.4.1/armtools/bin/../lib/gcc/arm-atollic-eabi/4.8.3/../../../../arm-atollic-eabi/lib/armv7e-m/fpu\libstdc++.a(eh_arm.o)
                                  0x8 (size before relaxing)
 .ARM.exidx.text._ZNKSt9bad_alloc4whatEv
                0x0800edb4        0x0 c:/program files (x86)/atollic/truestudio for arm 5.4.1/armtools/bin/../lib/gcc/arm-atollic-eabi/4.8.3/../../../../arm-atollic-eabi/lib/armv7e-m/fpu\libstdc++.a(bad_alloc.o)
                                  0x8 (size before relaxing)
 .ARM.exidx.text._ZNSt9bad_allocD2Ev
                0x0800edb4        0x0 c:/program files (x86)/atollic/truestudio for arm 5.4.1/armtools/bin/../lib/gcc/arm-atollic-eabi/4.8.3/../../../../arm-atollic-eabi/lib/armv7e-m/fpu\libstdc++.a(bad_alloc.o)
                                  0x8 (size before relaxing)
 .ARM.exidx.text._ZNSt9bad_allocD0Ev
                0x0800edb4        0x0 c:/program files (x86)/atollic/truestudio for arm 5.4.1/armtools/bin/../lib/gcc/arm-atollic-eabi/4.8.3/../../../../arm-atollic-eabi/lib/armv7e-m/fpu\libstdc++.a(bad_alloc.o)
                                  0x8 (size before relaxing)
 .ARM.exidx.text._ZN10__cxxabiv1L24__is_gxx_exception_classEPc
                0x0800edb4        0x0 c:/program files (x86)/atollic/truestudio for arm 5.4.1/armtools/bin/../lib/gcc/arm-atollic-eabi/4.8.3/../../../../arm-atollic-eabi/lib/armv7e-m/fpu\libstdc++.a(eh_call.o)
                                  0x8 (size before relaxing)
 .ARM.exidx.text.__cxa_call_terminate
                0x0800edb4        0x0 c:/program files (x86)/atollic/truestudio for arm 5.4.1/armtools/bin/../lib/gcc/arm-atollic-eabi/4.8.3/../../../../arm-atollic-eabi/lib/armv7e-m/fpu\libstdc++.a(eh_call.o)
                                  0x8 (size before relaxing)
 .ARM.exidx.text.__cxa_call_unexpected
                0x0800edb4        0x8 c:/program files (x86)/atollic/truestudio for arm 5.4.1/armtools/bin/../lib/gcc/arm-atollic-eabi/4.8.3/../../../../arm-atollic-eabi/lib/armv7e-m/fpu\libstdc++.a(eh_call.o)
 .ARM.exidx.text.__cxa_allocate_exception
                0x0800edbc        0x8 c:/program files (x86)/atollic/truestudio for arm 5.4.1/armtools/bin/../lib/gcc/arm-atollic-eabi/4.8.3/../../../../arm-atollic-eabi/lib/armv7e-m/fpu\libstdc++.a(eh_alloc.o)
 .ARM.exidx.text.__cxa_free_exception
                0x0800edc4        0x0 c:/program files (x86)/atollic/truestudio for arm 5.4.1/armtools/bin/../lib/gcc/arm-atollic-eabi/4.8.3/../../../../arm-atollic-eabi/lib/armv7e-m/fpu\libstdc++.a(eh_alloc.o)
                                  0x8 (size before relaxing)
 .ARM.exidx.text._ZL23__gxx_exception_cleanup19_Unwind_Reason_CodeP21_Unwind_Control_Block
                0x0800edc4        0x8 c:/program files (x86)/atollic/truestudio for arm 5.4.1/armtools/bin/../lib/gcc/arm-atollic-eabi/4.8.3/../../../../arm-atollic-eabi/lib/armv7e-m/fpu\libstdc++.a(eh_throw.o)
 .ARM.exidx.text.__cxa_throw
                0x0800edcc        0x8 c:/program files (x86)/atollic/truestudio for arm 5.4.1/armtools/bin/../lib/gcc/arm-atollic-eabi/4.8.3/../../../../arm-atollic-eabi/lib/armv7e-m/fpu\libstdc++.a(eh_throw.o)
 .ARM.exidx.text.__cxa_rethrow
                0x0800edd4        0x8 c:/program files (x86)/atollic/truestudio for arm 5.4.1/armtools/bin/../lib/gcc/arm-atollic-eabi/4.8.3/../../../../arm-atollic-eabi/lib/armv7e-m/fpu\libstdc++.a(eh_throw.o)
 .ARM.exidx.text._ZL12read_sleb128PKhPl
                0x0800eddc        0x8 c:/program files (x86)/atollic/truestudio for arm 5.4.1/armtools/bin/../lib/gcc/arm-atollic-eabi/4.8.3/../../../../arm-atollic-eabi/lib/armv7e-m/fpu\libstdc++.a(eh_personality.o)
 .ARM.exidx.text._ZL28read_encoded_value_with_basehjPKhPj
                0x0800ede4        0x8 c:/program files (x86)/atollic/truestudio for arm 5.4.1/armtools/bin/../lib/gcc/arm-atollic-eabi/4.8.3/../../../../arm-atollic-eabi/lib/armv7e-m/fpu\libstdc++.a(eh_personality.o)
 .ARM.exidx.text._ZL21base_of_encoded_valuehP15_Unwind_Context
                0x0800edec        0x8 c:/program files (x86)/atollic/truestudio for arm 5.4.1/armtools/bin/../lib/gcc/arm-atollic-eabi/4.8.3/../../../../arm-atollic-eabi/lib/armv7e-m/fpu\libstdc++.a(eh_personality.o)
 .ARM.exidx.text._ZL17parse_lsda_headerP15_Unwind_ContextPKhP16lsda_header_info
                0x0800edf4        0x8 c:/program files (x86)/atollic/truestudio for arm 5.4.1/armtools/bin/../lib/gcc/arm-atollic-eabi/4.8.3/../../../../arm-atollic-eabi/lib/armv7e-m/fpu\libstdc++.a(eh_personality.o)
 .ARM.exidx.text.__gxx_personality_v0
                0x0800edfc        0x8 c:/program files (x86)/atollic/truestudio for arm 5.4.1/armtools/bin/../lib/gcc/arm-atollic-eabi/4.8.3/../../../../arm-atollic-eabi/lib/armv7e-m/fpu\libstdc++.a(eh_personality.o)
 .ARM.exidx.text._ZNSt9exceptionD2Ev
                0x0800ee04        0x8 c:/program files (x86)/atollic/truestudio for arm 5.4.1/armtools/bin/../lib/gcc/arm-atollic-eabi/4.8.3/../../../../arm-atollic-eabi/lib/armv7e-m/fpu\libstdc++.a(eh_exception.o)
 .ARM.exidx.text._ZNSt13bad_exceptionD2Ev
                0x0800ee0c        0x0 c:/program files (x86)/atollic/truestudio for arm 5.4.1/armtools/bin/../lib/gcc/arm-atollic-eabi/4.8.3/../../../../arm-atollic-eabi/lib/armv7e-m/fpu\libstdc++.a(eh_exception.o)
                                  0x8 (size before relaxing)
 .ARM.exidx.text._ZNKSt9exception4whatEv
                0x0800ee0c        0x0 c:/program files (x86)/atollic/truestudio for arm 5.4.1/armtools/bin/../lib/gcc/arm-atollic-eabi/4.8.3/../../../../arm-atollic-eabi/lib/armv7e-m/fpu\libstdc++.a(eh_exception.o)
                                  0x8 (size before relaxing)
 .ARM.exidx.text._ZNKSt13bad_exception4whatEv
                0x0800ee0c        0x0 c:/program files (x86)/atollic/truestudio for arm 5.4.1/armtools/bin/../lib/gcc/arm-atollic-eabi/4.8.3/../../../../arm-atollic-eabi/lib/armv7e-m/fpu\libstdc++.a(eh_exception.o)
                                  0x8 (size before relaxing)
 .ARM.exidx.text._ZNSt9exceptionD0Ev
                0x0800ee0c        0x0 c:/program files (x86)/atollic/truestudio for arm 5.4.1/armtools/bin/../lib/gcc/arm-atollic-eabi/4.8.3/../../../../arm-atollic-eabi/lib/armv7e-m/fpu\libstdc++.a(eh_exception.o)
                                  0x8 (size before relaxing)
 .ARM.exidx.text._ZNSt13bad_exceptionD0Ev
                0x0800ee0c        0x0 c:/program files (x86)/atollic/truestudio for arm 5.4.1/armtools/bin/../lib/gcc/arm-atollic-eabi/4.8.3/../../../../arm-atollic-eabi/lib/armv7e-m/fpu\libstdc++.a(eh_exception.o)
                                  0x8 (size before relaxing)
 .ARM.exidx.text.__cxa_get_globals_fast